<html>
<body>
<pre>
<h1>µVision Build Log</h1>
<h2>Tool Versions:</h2>
IDE-Version: ¦ÌVision V5.22.0.0
Copyright (C) 2016 ARM Ltd and ARM Germany GmbH. All rights reserved.
License Information: future HP Inc., HP Inc., LIC=32BKP-MSLGM-AP6ZT-RYCLE-D6AJX-27QU4
 
Tool Versions:
Toolchain:       MDK-ARM Plus  Version: 5.22
Toolchain Path:  C:\Keil_v5\ARM\ARMCC\Bin
C Compiler:      Armcc.exe V5.06 update 4 (build 422)
Assembler:       Armasm.exe V5.06 update 4 (build 422)
Linker/Locator:  ArmLink.exe V5.06 update 4 (build 422)
Library Manager: ArmAr.exe V5.06 update 4 (build 422)
Hex Converter:   FromElf.exe V5.06 update 4 (build 422)
CPU DLL:         SARMCM3.DLL V5.22
Dialog DLL:      DCM.DLL V1.13.9.0
Target DLL:      STLink\ST-LINKIII-KEIL_SWO.dll V2.0.18.0
Dialog DLL:      TCM.DLL V1.21.0.0
 
<h2>Project:</h2>
D:\lvgl_gui\Littlevgl_stm32f469\MDK-ARM\Project.uvprojx
Project File Date:  11/23/2018

<h2>Output:</h2>
*** Using Compiler 'V5.06 update 4 (build 422)', folder: 'C:\Keil_v5\ARM\ARMCC\Bin'
Build target 'LCD_DSI_ImagesSlider'
assembling startup_stm32f469xx.s...
compiling stm32469i_discovery_qspi.c...
compiling stm32469i_discovery_sdram.c...
compiling stm32469i_discovery_lcd.c...
compiling stm32f4xx_hal_sram.c...
compiling stm32469i_discovery_ts.c...
compiling stm32469i_discovery.c...
compiling stm32f4xx_hal_ltdc.c...
compiling stm32f4xx_hal_dma2d.c...
compiling stm32f4xx_hal_rcc.c...
compiling stm32f4xx_hal_ltdc_ex.c...
compiling stm32f4xx_hal.c...
compiling stm32f4xx_hal_gpio.c...
compiling stm32f4xx_hal_uart.c...
compiling stm32f4xx_ll_fmc.c...
compiling stm32f4xx_hal_rcc_ex.c...
compiling stm32f4xx_hal_i2c_ex.c...
compiling stm32f4xx_hal_sdram.c...
compiling stm32f4xx_hal_dsi.c...
compiling stm32f4xx_hal_pwr.c...
compiling stm32f4xx_hal_cortex.c...
compiling stm32f4xx_hal_i2c.c...
compiling stm32f4xx_hal_dma.c...
compiling stm32f4xx_hal_qspi.c...
compiling stm32f4xx_hal_pwr_ex.c...
compiling otm8009a.c...
compiling ft6x06.c...
linking...
Program Size: Code=19564 RO-data=13831752 RW-data=248 ZI-data=2088  
FromELF: creating hex file...
"LCD_DSI_ImagesSlider\LCD_DSI_ImagesSlider.axf" - 0 Error(s), 0 Warning(s).

<h2>Software Packages used:</h2>

Package Vendor: ARM
                http://www.keil.com/pack/ARM.CMSIS.5.0.1.pack
                ARM::CMSIS:CORE:5.0.1
                CMSIS (Cortex Microcontroller Software Interface Standard)
   * Component: CORE Version: 5.0.1

<h2>Collection of Component include folders:</h2>
  D:\lvgl_gui\Littlevgl_stm32f469\MDK-ARM\RTE\_LCD_DSI_ImagesSlider
  C:\Keil_v5\ARM\PACK\ARM\CMSIS\5.0.1\CMSIS\Include
  C:\Keil_v5\ARM\PACK\Keil\STM32F4xx_DFP\2.11.0\Drivers\CMSIS\Device\ST\STM32F4xx\Include

<h2>Collection of Component Files used:</h2>

   * Component: ARM::CMSIS:CORE:5.0.1
Build Time Elapsed:  00:01:13
</pre>
</body>
</html>
