Component: ARM Compiler 5.06 update 4 (build 422) Tool: armlink [4d35d2]

==============================================================================

Section Cross References

    startup_stm32f469xx.o(RESET) refers to startup_stm32f469xx.o(STACK) for __initial_sp
    startup_stm32f469xx.o(RESET) refers to startup_stm32f469xx.o(.text) for Reset_Handler
    startup_stm32f469xx.o(RESET) refers to stm32f4xx_it.o(i.NMI_Handler) for NMI_Handler
    startup_stm32f469xx.o(RESET) refers to stm32f4xx_it.o(i.HardFault_Handler) for HardFault_Handler
    startup_stm32f469xx.o(RESET) refers to stm32f4xx_it.o(i.MemManage_Handler) for MemManage_Handler
    startup_stm32f469xx.o(RESET) refers to stm32f4xx_it.o(i.BusFault_Handler) for BusFault_Handler
    startup_stm32f469xx.o(RESET) refers to stm32f4xx_it.o(i.UsageFault_Handler) for UsageFault_Handler
    startup_stm32f469xx.o(RESET) refers to stm32f4xx_it.o(i.SVC_Handler) for SVC_Handler
    startup_stm32f469xx.o(RESET) refers to stm32f4xx_it.o(i.DebugMon_Handler) for DebugMon_Handler
    startup_stm32f469xx.o(RESET) refers to stm32f4xx_it.o(i.PendSV_Handler) for PendSV_Handler
    startup_stm32f469xx.o(RESET) refers to stm32f4xx_it.o(i.SysTick_Handler) for SysTick_Handler
    startup_stm32f469xx.o(RESET) refers to stm32f4xx_it.o(i.EXTI0_IRQHandler) for EXTI0_IRQHandler
    startup_stm32f469xx.o(RESET) refers to stm32f4xx_it.o(i.EXTI9_5_IRQHandler) for EXTI9_5_IRQHandler
    startup_stm32f469xx.o(RESET) refers to stm32f4xx_it.o(i.LTDC_IRQHandler) for LTDC_IRQHandler
    startup_stm32f469xx.o(RESET) refers to stm32f4xx_it.o(i.LTDC_ER_IRQHandler) for LTDC_ER_IRQHandler
    startup_stm32f469xx.o(RESET) refers to stm32f4xx_it.o(i.DSI_IRQHandler) for DSI_IRQHandler
    startup_stm32f469xx.o(.text) refers to system_stm32f4xx.o(i.SystemInit) for SystemInit
    startup_stm32f469xx.o(.text) refers to entry.o(.ARM.Collect$$$$00000000) for __main
    stm32f4xx_hal_msp.o(i.BSP_QSPI_MspInit) refers to stm32f4xx_hal_gpio.o(i.HAL_GPIO_Init) for HAL_GPIO_Init
    main.o(i.HAL_DSI_EndOfRefreshCallback) refers to stm32f4xx_hal_dsi.o(i.HAL_DSI_ShortWrite) for HAL_DSI_ShortWrite
    main.o(i.HAL_DSI_EndOfRefreshCallback) refers to stm32f4xx_hal_dsi.o(i.HAL_DSI_LongWrite) for HAL_DSI_LongWrite
    main.o(i.HAL_DSI_EndOfRefreshCallback) refers to stm32f4xx_hal_dsi.o(i.HAL_DSI_Refresh) for HAL_DSI_Refresh
    main.o(i.HAL_DSI_EndOfRefreshCallback) refers to main.o(.data) for .data
    main.o(i.HAL_DSI_EndOfRefreshCallback) refers to stm32469i_discovery_lcd.o(.bss) for hdsi_eval
    main.o(i.HAL_GPIO_EXTI_Callback) refers to main.o(.data) for .data
    main.o(i.LCD_DSI_HorizontalSlider) refers to main.o(i.LL_DrawPicture) for LL_DrawPicture
    main.o(i.LCD_DSI_HorizontalSlider) refers to stm32f4xx_hal.o(i.HAL_Delay) for HAL_Delay
    main.o(i.LCD_DSI_HorizontalSlider) refers to stm32f4xx_hal_dsi.o(i.HAL_DSI_LongWrite) for HAL_DSI_LongWrite
    main.o(i.LCD_DSI_HorizontalSlider) refers to main.o(i.LL_CopyPicture) for LL_CopyPicture
    main.o(i.LCD_DSI_HorizontalSlider) refers to main.o(.bss) for .bss
    main.o(i.LCD_DSI_HorizontalSlider) refers to main.o(.data) for .data
    main.o(i.LCD_DSI_HorizontalSlider) refers to stm32469i_discovery_lcd.o(.bss) for hdsi_eval
    main.o(i.LCD_DSI_VerticalSlider) refers to main.o(i.LL_DrawPicture) for LL_DrawPicture
    main.o(i.LCD_DSI_VerticalSlider) refers to stm32f4xx_hal.o(i.HAL_Delay) for HAL_Delay
    main.o(i.LCD_DSI_VerticalSlider) refers to stm32f4xx_hal_dsi.o(i.HAL_DSI_LongWrite) for HAL_DSI_LongWrite
    main.o(i.LCD_DSI_VerticalSlider) refers to main.o(i.LL_CopyPicture) for LL_CopyPicture
    main.o(i.LCD_DSI_VerticalSlider) refers to main.o(.bss) for .bss
    main.o(i.LCD_DSI_VerticalSlider) refers to main.o(.data) for .data
    main.o(i.LCD_DSI_VerticalSlider) refers to stm32469i_discovery_lcd.o(.bss) for hdsi_eval
    main.o(i.LCD_Init) refers to stm32469i_discovery_lcd.o(i.BSP_LCD_Reset) for BSP_LCD_Reset
    main.o(i.LCD_Init) refers to stm32469i_discovery_lcd.o(i.BSP_LCD_MspInit) for BSP_LCD_MspInit
    main.o(i.LCD_Init) refers to stm32f4xx_hal_rcc_ex.o(i.HAL_RCCEx_PeriphCLKConfig) for HAL_RCCEx_PeriphCLKConfig
    main.o(i.LCD_Init) refers to stm32f4xx_hal_dsi.o(i.HAL_DSI_DeInit) for HAL_DSI_DeInit
    main.o(i.LCD_Init) refers to stm32f4xx_hal_dsi.o(i.HAL_DSI_Init) for HAL_DSI_Init
    main.o(i.LCD_Init) refers to stm32f4xx_hal_dsi.o(i.HAL_DSI_ConfigAdaptedCommandMode) for HAL_DSI_ConfigAdaptedCommandMode
    main.o(i.LCD_Init) refers to stm32f4xx_hal_dsi.o(i.HAL_DSI_ConfigCommand) for HAL_DSI_ConfigCommand
    main.o(i.LCD_Init) refers to stm32f4xx_hal_dsi.o(i.HAL_DSI_ConfigPhyTimer) for HAL_DSI_ConfigPhyTimer
    main.o(i.LCD_Init) refers to main.o(i.LTDC_Init) for LTDC_Init
    main.o(i.LCD_Init) refers to stm32f4xx_hal_dsi.o(i.HAL_DSI_Start) for HAL_DSI_Start
    main.o(i.LCD_Init) refers to otm8009a.o(i.OTM8009A_Init) for OTM8009A_Init
[...]
    i.BSP_TS_GetState                        0x0800088c   Section        0  stm32469i_discovery_ts.o(i.BSP_TS_GetState)
    i.BSP_TS_INT_MspInit                     0x0800096c   Section        0  stm32469i_discovery_ts.o(i.BSP_TS_INT_MspInit)
    i.BSP_TS_ITConfig                        0x080009a8   Section        0  stm32469i_discovery_ts.o(i.BSP_TS_ITConfig)
    i.BSP_TS_Init                            0x080009f8   Section        0  stm32469i_discovery_ts.o(i.BSP_TS_Init)
    i.BusFault_Handler                       0x08000a5c   Section        0  stm32f4xx_it.o(i.BusFault_Handler)
    i.DMA2D_SetConfig                        0x08000a5e   Section        0  stm32f4xx_hal_dma2d.o(i.DMA2D_SetConfig)
    DMA2D_SetConfig                          0x08000a5f   Thumb Code   150  stm32f4xx_hal_dma2d.o(i.DMA2D_SetConfig)
    i.DMA_CalcBaseAndBitshift                0x08000af4   Section        0  stm32f4xx_hal_dma.o(i.DMA_CalcBaseAndBitshift)
    DMA_CalcBaseAndBitshift                  0x08000af5   Thumb Code    34  stm32f4xx_hal_dma.o(i.DMA_CalcBaseAndBitshift)
    i.DMA_CheckFifoParam                     0x08000b1c   Section        0  stm32f4xx_hal_dma.o(i.DMA_CheckFifoParam)
    DMA_CheckFifoParam                       0x08000b1d   Thumb Code    84  stm32f4xx_hal_dma.o(i.DMA_CheckFifoParam)
    i.DSI_ConfigPacketHeader                 0x08000b70   Section        0  stm32f4xx_hal_dsi.o(i.DSI_ConfigPacketHeader)
    DSI_ConfigPacketHeader                   0x08000b71   Thumb Code    20  stm32f4xx_hal_dsi.o(i.DSI_ConfigPacketHeader)
    i.DSI_IO_WriteCmd                        0x08000b84   Section        0  stm32469i_discovery_lcd.o(i.DSI_IO_WriteCmd)
    i.DSI_IRQHandler                         0x08000bb4   Section        0  stm32f4xx_it.o(i.DSI_IRQHandler)
    i.DebugMon_Handler                       0x08000bc0   Section        0  stm32f4xx_it.o(i.DebugMon_Handler)
    i.EXTI0_IRQHandler                       0x08000bc2   Section        0  stm32f4xx_it.o(i.EXTI0_IRQHandler)
    i.EXTI9_5_IRQHandler                     0x08000bc8   Section        0  stm32f4xx_it.o(i.EXTI9_5_IRQHandler)
    i.FMC_SDRAM_Init                         0x08000bce   Section        0  stm32f4xx_ll_fmc.o(i.FMC_SDRAM_Init)
    i.FMC_SDRAM_ProgramRefreshRate           0x08000c1e   Section        0  stm32f4xx_ll_fmc.o(i.FMC_SDRAM_ProgramRefreshRate)
    i.FMC_SDRAM_SendCommand                  0x08000c2a   Section        0  stm32f4xx_ll_fmc.o(i.FMC_SDRAM_SendCommand)
    i.FMC_SDRAM_Timing_Init                  0x08000c74   Section        0  stm32f4xx_ll_fmc.o(i.FMC_SDRAM_Timing_Init)
    i.HAL_DMA2D_ConfigLayer                  0x08000cf4   Section        0  stm32f4xx_hal_dma2d.o(i.HAL_DMA2D_ConfigLayer)
    i.HAL_DMA2D_Init                         0x08000d9c   Section        0  stm32f4xx_hal_dma2d.o(i.HAL_DMA2D_Init)
    i.HAL_DMA2D_MspInit                      0x08000df6   Section        0  stm32f4xx_hal_dma2d.o(i.HAL_DMA2D_MspInit)
    i.HAL_DMA2D_PollForTransfer              0x08000df8   Section        0  stm32f4xx_hal_dma2d.o(i.HAL_DMA2D_PollForTransfer)
    i.HAL_DMA2D_Start                        0x08000f04   Section        0  stm32f4xx_hal_dma2d.o(i.HAL_DMA2D_Start)
    i.HAL_DMA_Abort                          0x08000f38   Section        0  stm32f4xx_hal_dma.o(i.HAL_DMA_Abort)
    i.HAL_DMA_DeInit                         0x08000fc6   Section        0  stm32f4xx_hal_dma.o(i.HAL_DMA_DeInit)
    i.HAL_DMA_Init                           0x0800101c   Section        0  stm32f4xx_hal_dma.o(i.HAL_DMA_Init)
    i.HAL_DSI_ConfigAdaptedCommandMode       0x080010f0   Section        0  stm32f4xx_hal_dsi.o(i.HAL_DSI_ConfigAdaptedCommandMode)
    i.HAL_DSI_ConfigCommand                  0x08001200   Section        0  stm32f4xx_hal_dsi.o(i.HAL_DSI_ConfigCommand)
    i.HAL_DSI_ConfigFlowControl              0x08001270   Section        0  stm32f4xx_hal_dsi.o(i.HAL_DSI_ConfigFlowControl)
    i.HAL_DSI_ConfigPhyTimer                 0x08001298   Section        0  stm32f4xx_hal_dsi.o(i.HAL_DSI_ConfigPhyTimer)
    i.HAL_DSI_DeInit                         0x08001312   Section        0  stm32f4xx_hal_dsi.o(i.HAL_DSI_DeInit)
    i.HAL_DSI_EndOfRefreshCallback           0x0800139c   Section        0  main.o(i.HAL_DSI_EndOfRefreshCallback)
    i.HAL_DSI_ErrorCallback                  0x080014a4   Section        0  stm32f4xx_hal_dsi.o(i.HAL_DSI_ErrorCallback)
    i.HAL_DSI_IRQHandler                     0x080014a6   Section        0  stm32f4xx_hal_dsi.o(i.HAL_DSI_IRQHandler)
    i.HAL_DSI_Init                           0x0800158c   Section        0  stm32f4xx_hal_dsi.o(i.HAL_DSI_Init)
    i.HAL_DSI_LongWrite                      0x080016fc   Section        0  stm32f4xx_hal_dsi.o(i.HAL_DSI_LongWrite)
    i.HAL_DSI_MspDeInit                      0x080017be   Section        0  stm32f4xx_hal_dsi.o(i.HAL_DSI_MspDeInit)
    i.HAL_DSI_MspInit                        0x080017c0   Section        0  stm32f4xx_hal_dsi.o(i.HAL_DSI_MspInit)
    i.HAL_DSI_Refresh                        0x080017c2   Section        0  stm32f4xx_hal_dsi.o(i.HAL_DSI_Refresh)
    i.HAL_DSI_ShortWrite                     0x080017e8   Section        0  stm32f4xx_hal_dsi.o(i.HAL_DSI_ShortWrite)
    i.HAL_DSI_Start                          0x08001846   Section        0  stm32f4xx_hal_dsi.o(i.HAL_DSI_Start)
    i.HAL_DSI_TearingEffectCallback          0x0800188a   Section        0  stm32f4xx_hal_dsi.o(i.HAL_DSI_TearingEffectCallback)
    i.HAL_Delay                              0x0800188c   Section        0  stm32f4xx_hal.o(i.HAL_Delay)
    i.HAL_GPIO_EXTI_Callback                 0x080018b0   Section        0  main.o(i.HAL_GPIO_EXTI_Callback)
    i.HAL_GPIO_EXTI_IRQHandler               0x080018cc   Section        0  stm32f4xx_hal_gpio.o(i.HAL_GPIO_EXTI_IRQHandler)
    i.HAL_GPIO_Init                          0x080018e4   Section        0  stm32f4xx_hal_gpio.o(i.HAL_GPIO_Init)
    i.HAL_GPIO_WritePin                      0x08001ab0   Section        0  stm32f4xx_hal_gpio.o(i.HAL_GPIO_WritePin)
    i.HAL_GetTick                            0x08001abc   Section        0  stm32f4xx_hal.o(i.HAL_GetTick)
    i.HAL_I2C_DeInit                         0x08001ac8   Section        0  stm32f4xx_hal_i2c.o(i.HAL_I2C_DeInit)
    i.HAL_I2C_GetState                       0x08001afa   Section        0  stm32f4xx_hal_i2c.o(i.HAL_I2C_GetState)
    i.HAL_I2C_Init                           0x08001b00   Section        0  stm32f4xx_hal_i2c.o(i.HAL_I2C_Init)
    i.HAL_I2C_Mem_Read                       0x08001c08   Section        0  stm32f4xx_hal_i2c.o(i.HAL_I2C_Mem_Read)
    i.HAL_I2C_Mem_Write                      0x08001e04   Section        0  stm32f4xx_hal_i2c.o(i.HAL_I2C_Mem_Write)
    i.HAL_I2C_MspDeInit                      0x08001f40   Section        0  stm32f4xx_hal_i2c.o(i.HAL_I2C_MspDeInit)
    i.HAL_I2C_MspInit                        0x08001f42   Section        0  stm32f4xx_hal_i2c.o(i.HAL_I2C_MspInit)
    i.HAL_IncTick                            0x08001f44   Section        0  stm32f4xx_hal.o(i.HAL_IncTick)
    i.HAL_Init                               0x08001f54   Section        0  stm32f4xx_hal.o(i.HAL_Init)
    i.HAL_InitTick                           0x08001f88   Section        0  stm32f4xx_hal.o(i.HAL_InitTick)
    i.HAL_LTDC_ConfigLayer                   0x08001fc8   Section        0  stm32f4xx_hal_ltdc.o(i.HAL_LTDC_ConfigLayer)
    i.HAL_LTDC_DeInit                        0x0800201a   Section        0  stm32f4xx_hal_ltdc.o(i.HAL_LTDC_DeInit)
    i.HAL_LTDC_ErrorCallback                 0x08002032   Section        0  stm32f4xx_hal_ltdc.o(i.HAL_LTDC_ErrorCallback)
    i.HAL_LTDC_IRQHandler                    0x08002034   Section        0  stm32f4xx_hal_ltdc.o(i.HAL_LTDC_IRQHandler)
    i.HAL_LTDC_Init                          0x08002100   Section        0  stm32f4xx_hal_ltdc.o(i.HAL_LTDC_Init)
    i.HAL_LTDC_LineEventCallback             0x080021f4   Section        0  stm32f4xx_hal_ltdc.o(i.HAL_LTDC_LineEventCallback)
    i.HAL_LTDC_MspDeInit                     0x080021f6   Section        0  stm32f4xx_hal_ltdc.o(i.HAL_LTDC_MspDeInit)
    i.HAL_LTDC_MspInit                       0x080021f8   Section        0  stm32f4xx_hal_ltdc.o(i.HAL_LTDC_MspInit)
    i.HAL_LTDC_ReloadEventCallback           0x080021fa   Section        0  stm32f4xx_hal_ltdc.o(i.HAL_LTDC_ReloadEventCallback)
    i.HAL_LTDC_SetPitch                      0x080021fc   Section        0  stm32f4xx_hal_ltdc.o(i.HAL_LTDC_SetPitch)
    i.HAL_MspInit                            0x0800228c   Section        0  stm32f4xx_hal.o(i.HAL_MspInit)
    i.HAL_NVIC_EnableIRQ                     0x0800228e   Section        0  stm32f4xx_hal_cortex.o(i.HAL_NVIC_EnableIRQ)
    i.HAL_NVIC_SetPriority                   0x080022a4   Section        0  stm32f4xx_hal_cortex.o(i.HAL_NVIC_SetPriority)
    i.HAL_NVIC_SetPriorityGrouping           0x080022e4   Section        0  stm32f4xx_hal_cortex.o(i.HAL_NVIC_SetPriorityGrouping)
    i.HAL_PWREx_EnableOverDrive              0x08002308   Section        0  stm32f4xx_hal_pwr_ex.o(i.HAL_PWREx_EnableOverDrive)
    i.HAL_QSPI_Abort                         0x08002378   Section        0  stm32f4xx_hal_qspi.o(i.HAL_QSPI_Abort)
    i.HAL_QSPI_AutoPolling                   0x080023f4   Section        0  stm32f4xx_hal_qspi.o(i.HAL_QSPI_AutoPolling)
    i.HAL_QSPI_Command                       0x080024a0   Section        0  stm32f4xx_hal_qspi.o(i.HAL_QSPI_Command)
    i.HAL_QSPI_DeInit                        0x08002526   Section        0  stm32f4xx_hal_qspi.o(i.HAL_QSPI_DeInit)
    i.HAL_QSPI_Init                          0x08002560   Section        0  stm32f4xx_hal_qspi.o(i.HAL_QSPI_Init)
    i.HAL_QSPI_MemoryMapped                  0x08002618   Section        0  stm32f4xx_hal_qspi.o(i.HAL_QSPI_MemoryMapped)
    i.HAL_QSPI_MspDeInit                     0x080026a4   Section        0  stm32f4xx_hal_qspi.o(i.HAL_QSPI_MspDeInit)
    i.HAL_QSPI_MspInit                       0x080026a6   Section        0  stm32f4xx_hal_qspi.o(i.HAL_QSPI_MspInit)
    i.HAL_QSPI_Receive                       0x080026a8   Section        0  stm32f4xx_hal_qspi.o(i.HAL_QSPI_Receive)
    i.HAL_QSPI_Transmit                      0x0800276c   Section        0  stm32f4xx_hal_qspi.o(i.HAL_QSPI_Transmit)
    i.HAL_RCCEx_PeriphCLKConfig              0x08002828   Section        0  stm32f4xx_hal_rcc_ex.o(i.HAL_RCCEx_PeriphCLKConfig)
    i.HAL_RCC_ClockConfig                    0x08002b10   Section        0  stm32f4xx_hal_rcc.o(i.HAL_RCC_ClockConfig)
    i.HAL_RCC_GetPCLK1Freq                   0x08002c40   Section        0  stm32f4xx_hal_rcc.o(i.HAL_RCC_GetPCLK1Freq)
    i.HAL_RCC_GetSysClockFreq                0x08002c60   Section        0  stm32f4xx_hal_rcc.o(i.HAL_RCC_GetSysClockFreq)
    i.HAL_RCC_OscConfig                      0x08002cc0   Section        0  stm32f4xx_hal_rcc_ex.o(i.HAL_RCC_OscConfig)
    i.HAL_SDRAM_Init                         0x08002fe4   Section        0  stm32f4xx_hal_sdram.o(i.HAL_SDRAM_Init)
    i.HAL_SDRAM_MspInit                      0x08003026   Section        0  stm32f4xx_hal_sdram.o(i.HAL_SDRAM_MspInit)
    i.HAL_SDRAM_ProgramRefreshRate           0x08003028   Section        0  stm32f4xx_hal_sdram.o(i.HAL_SDRAM_ProgramRefreshRate)
    i.HAL_SDRAM_SendCommand                  0x0800304c   Section        0  stm32f4xx_hal_sdram.o(i.HAL_SDRAM_SendCommand)
    i.HAL_SYSTICK_Config                     0x0800307c   Section        0  stm32f4xx_hal_cortex.o(i.HAL_SYSTICK_Config)
    i.HardFault_Handler                      0x080030a4   Section        0  stm32f4xx_it.o(i.HardFault_Handler)
    i.I2C1_Error                             0x080030a8   Section        0  stm32469i_discovery.o(i.I2C1_Error)
    I2C1_Error                               0x080030a9   Thumb Code    16  stm32469i_discovery.o(i.I2C1_Error)
    i.I2C1_Init                              0x080030bc   Section        0  stm32469i_discovery.o(i.I2C1_Init)
    I2C1_Init                                0x080030bd   Thumb Code    58  stm32469i_discovery.o(i.I2C1_Init)
    i.I2C1_MspInit                           0x08003104   Section        0  stm32469i_discovery.o(i.I2C1_MspInit)
    I2C1_MspInit                             0x08003105   Thumb Code   142  stm32469i_discovery.o(i.I2C1_MspInit)
    i.I2C1_ReadMultiple                      0x0800319c   Section        0  stm32469i_discovery.o(i.I2C1_ReadMultiple)
    I2C1_ReadMultiple                        0x0800319d   Thumb Code    42  stm32469i_discovery.o(i.I2C1_ReadMultiple)
    i.I2C_IsAcknowledgeFailed                0x080031cc   Section        0  stm32f4xx_hal_i2c.o(i.I2C_IsAcknowledgeFailed)
    I2C_IsAcknowledgeFailed                  0x080031cd   Thumb Code    40  stm32f4xx_hal_i2c.o(i.I2C_IsAcknowledgeFailed)
    i.I2C_RequestMemoryRead                  0x080031f4   Section        0  stm32f4xx_hal_i2c.o(i.I2C_RequestMemoryRead)
    I2C_RequestMemoryRead                    0x080031f5   Thumb Code   240  stm32f4xx_hal_i2c.o(i.I2C_RequestMemoryRead)
    i.I2C_RequestMemoryWrite                 0x080032e4   Section        0  stm32f4xx_hal_i2c.o(i.I2C_RequestMemoryWrite)
    I2C_RequestMemoryWrite                   0x080032e5   Thumb Code   156  stm32f4xx_hal_i2c.o(i.I2C_RequestMemoryWrite)
    i.I2C_WaitOnBTFFlagUntilTimeout          0x08003384   Section        0  stm32f4xx_hal_i2c.o(i.I2C_WaitOnBTFFlagUntilTimeout)
    I2C_WaitOnBTFFlagUntilTimeout            0x08003385   Thumb Code    78  stm32f4xx_hal_i2c.o(i.I2C_WaitOnBTFFlagUntilTimeout)
    i.I2C_WaitOnFlagUntilTimeout             0x080033d2   Section        0  stm32f4xx_hal_i2c.o(i.I2C_WaitOnFlagUntilTimeout)
    I2C_WaitOnFlagUntilTimeout               0x080033d3   Thumb Code    96  stm32f4xx_hal_i2c.o(i.I2C_WaitOnFlagUntilTimeout)
    i.I2C_WaitOnMasterAddressFlagUntilTimeout 0x08003434   Section        0  stm32f4xx_hal_i2c.o(i.I2C_WaitOnMasterAddressFlagUntilTimeout)
    I2C_WaitOnMasterAddressFlagUntilTimeout  0x08003435   Thumb Code   136  stm32f4xx_hal_i2c.o(i.I2C_WaitOnMasterAddressFlagUntilTimeout)
    i.I2C_WaitOnRXNEFlagUntilTimeout         0x080034bc   Section        0  stm32f4xx_hal_i2c.o(i.I2C_WaitOnRXNEFlagUntilTimeout)
    I2C_WaitOnRXNEFlagUntilTimeout           0x080034bd   Thumb Code    98  stm32f4xx_hal_i2c.o(i.I2C_WaitOnRXNEFlagUntilTimeout)
    i.I2C_WaitOnTXEFlagUntilTimeout          0x0800351e   Section        0  stm32f4xx_hal_i2c.o(i.I2C_WaitOnTXEFlagUntilTimeout)
    I2C_WaitOnTXEFlagUntilTimeout            0x0800351f   Thumb Code    78  stm32f4xx_hal_i2c.o(i.I2C_WaitOnTXEFlagUntilTimeout)
    i.LCD_DSI_HorizontalSlider               0x0800356c   Section        0  main.o(i.LCD_DSI_HorizontalSlider)
    LCD_DSI_HorizontalSlider                 0x0800356d   Thumb Code  1192  main.o(i.LCD_DSI_HorizontalSlider)
    i.LCD_DSI_VerticalSlider                 0x08003a24   Section        0  main.o(i.LCD_DSI_VerticalSlider)
    LCD_DSI_VerticalSlider                   0x08003a25   Thumb Code  1208  main.o(i.LCD_DSI_VerticalSlider)
    i.LCD_Init                               0x08003edc   Section        0  main.o(i.LCD_Init)
    LCD_Init                                 0x08003edd   Thumb Code   254  main.o(i.LCD_Init)
    i.LCD_LayertInit                         0x08003fe4   Section        0  main.o(i.LCD_LayertInit)
    i.LL_CopyPicture                         0x08004040   Section        0  main.o(i.LL_CopyPicture)
    LL_CopyPicture                           0x08004041   Thumb Code    92  main.o(i.LL_CopyPicture)
    i.LL_DrawPicture                         0x080040a4   Section        0  main.o(i.LL_DrawPicture)
    LL_DrawPicture                           0x080040a5   Thumb Code   180  main.o(i.LL_DrawPicture)
    i.LTDC_ER_IRQHandler                     0x08004164   Section        0  stm32f4xx_it.o(i.LTDC_ER_IRQHandler)
    i.LTDC_IRQHandler                        0x08004170   Section        0  stm32f4xx_it.o(i.LTDC_IRQHandler)
    i.LTDC_Init                              0x0800417c   Section        0  main.o(i.LTDC_Init)
    i.LTDC_SetConfig                         0x080041d4   Section        0  stm32f4xx_hal_ltdc.o(i.LTDC_SetConfig)
    LTDC_SetConfig                           0x080041d5   Thumb Code   354  stm32f4xx_hal_ltdc.o(i.LTDC_SetConfig)
    i.MemManage_Handler                      0x08004336   Section        0  stm32f4xx_it.o(i.MemManage_Handler)
    i.NMI_Handler                            0x08004338   Section        0  stm32f4xx_it.o(i.NMI_Handler)
    i.NVIC_SetPriority                       0x0800433a   Section        0  stm32f4xx_hal_cortex.o(i.NVIC_SetPriority)
    NVIC_SetPriority                         0x0800433b   Thumb Code    32  stm32f4xx_hal_cortex.o(i.NVIC_SetPriority)
    i.OTM8009A_IO_Delay                      0x0800435a   Section        0  stm32469i_discovery.o(i.OTM8009A_IO_Delay)
    i.OTM8009A_Init                          0x08004360   Section        0  otm8009a.o(i.OTM8009A_Init)
    i.PendSV_Handler                         0x08004778   Section        0  stm32f4xx_it.o(i.PendSV_Handler)
    i.QSPI_AutoPollingMemReady               0x0800477a   Section        0  stm32469i_discovery_qspi.o(i.QSPI_AutoPollingMemReady)
    QSPI_AutoPollingMemReady                 0x0800477b   Thumb Code    72  stm32469i_discovery_qspi.o(i.QSPI_AutoPollingMemReady)
    i.QSPI_Config                            0x080047c2   Section        0  stm32f4xx_hal_qspi.o(i.QSPI_Config)
    QSPI_Config                              0x080047c3   Thumb Code   350  stm32f4xx_hal_qspi.o(i.QSPI_Config)
    i.QSPI_DummyCyclesCfg                    0x08004920   Section        0  stm32469i_discovery_qspi.o(i.QSPI_DummyCyclesCfg)
    QSPI_DummyCyclesCfg                      0x08004921   Thumb Code   140  stm32469i_discovery_qspi.o(i.QSPI_DummyCyclesCfg)
    i.QSPI_ResetMemory                       0x080049ac   Section        0  stm32469i_discovery_qspi.o(i.QSPI_ResetMemory)
    QSPI_ResetMemory                         0x080049ad   Thumb Code    82  stm32469i_discovery_qspi.o(i.QSPI_ResetMemory)
    i.QSPI_WaitFlagStateUntilTimeout         0x080049fe   Section        0  stm32f4xx_hal_qspi.o(i.QSPI_WaitFlagStateUntilTimeout)
    QSPI_WaitFlagStateUntilTimeout           0x080049ff   Thumb Code    72  stm32f4xx_hal_qspi.o(i.QSPI_WaitFlagStateUntilTimeout)
    i.QSPI_WriteEnable                       0x08004a46   Section        0  stm32469i_discovery_qspi.o(i.QSPI_WriteEnable)
    QSPI_WriteEnable                         0x08004a47   Thumb Code   100  stm32469i_discovery_qspi.o(i.QSPI_WriteEnable)
    i.SVC_Handler                            0x08004aaa   Section        0  stm32f4xx_it.o(i.SVC_Handler)
    i.SysTick_Handler                        0x08004aac   Section        0  stm32f4xx_it.o(i.SysTick_Handler)
    i.SystemClock_Config                     0x08004ab0   Section        0  main.o(i.SystemClock_Config)
    SystemClock_Config                       0x08004ab1   Thumb Code   134  main.o(i.SystemClock_Config)
    i.SystemInit                             0x08004b40   Section        0  system_stm32f4xx.o(i.SystemInit)
    i.TS_IO_Init                             0x08004b94   Section        0  stm32469i_discovery.o(i.TS_IO_Init)
    i.TS_IO_Read                             0x08004b98   Section        0  stm32469i_discovery.o(i.TS_IO_Read)
    i.TS_IO_ReadMultiple                     0x08004bd0   Section        0  stm32469i_discovery.o(i.TS_IO_ReadMultiple)
    i.TS_IO_Write                            0x08004be0   Section        0  stm32469i_discovery.o(i.TS_IO_Write)
    i.UsageFault_Handler                     0x08004c10   Section        0  stm32f4xx_it.o(i.UsageFault_Handler)
    i.__scatterload_copy                     0x08004c12   Section       14  handlers.o(i.__scatterload_copy)
    i.__scatterload_null                     0x08004c20   Section        2  handlers.o(i.__scatterload_null)
    i.__scatterload_zeroinit                 0x08004c22   Section       14  handlers.o(i.__scatterload_zeroinit)
    i.ft6x06_GetInstance                     0x08004c30   Section        0  ft6x06.o(i.ft6x06_GetInstance)
    ft6x06_GetInstance                       0x08004c31   Thumb Code    24  ft6x06.o(i.ft6x06_GetInstance)
    i.ft6x06_Init                            0x08004c4c   Section        0  ft6x06.o(i.ft6x06_Init)
    i.ft6x06_ReadID                          0x08004c74   Section        0  ft6x06.o(i.ft6x06_ReadID)
    i.ft6x06_Reset                           0x08004c88   Section        0  ft6x06.o(i.ft6x06_Reset)
    i.ft6x06_TS_ClearIT                      0x08004c8a   Section        0  ft6x06.o(i.ft6x06_TS_ClearIT)
    i.ft6x06_TS_DetectTouch                  0x08004c8c   Section        0  ft6x06.o(i.ft6x06_TS_DetectTouch)
    i.ft6x06_TS_DisableIT                    0x08004ccc   Section        0  ft6x06.o(i.ft6x06_TS_DisableIT)
    i.ft6x06_TS_EnableIT                     0x08004cd6   Section        0  ft6x06.o(i.ft6x06_TS_EnableIT)
    i.ft6x06_TS_GetXY                        0x08004ce0   Section        0  ft6x06.o(i.ft6x06_TS_GetXY)
    i.ft6x06_TS_ITStatus                     0x08004d3c   Section        0  ft6x06.o(i.ft6x06_TS_ITStatus)
    i.ft6x06_TS_Start                        0x08004d40   Section        0  ft6x06.o(i.ft6x06_TS_Start)
    i.main                                   0x08004d44   Section        0  main.o(i.main)
    .constdata                               0x08004e20   Section     6840  stm32469i_discovery_lcd.o(.constdata)
    .constdata                               0x080068d8   Section        4  stm32469i_discovery.o(.constdata)
    .constdata                               0x080068dc   Section        8  stm32f4xx_hal_dma.o(.constdata)
    flagBitshiftOffset                       0x080068dc   Data           8  stm32f4xx_hal_dma.o(.constdata)
    .constdata                               0x080068e4   Section      405  otm8009a.o(.constdata)
    .constdata                               0x08006a79   Section       16  system_stm32f4xx.o(.constdata)
    .constdata                               0x08006a89   Section        8  system_stm32f4xx.o(.constdata)
    .data                                    0x20000000   Section      100  main.o(.data)
    touch                                    0x20000000   Data           1  main.o(.data)
    touchdetected                            0x20000001   Data           1  main.o(.data)
    active_area                              0x20000008   Data           4  main.o(.data)
    ImageIndex                               0x2000000c   Data           4  main.o(.data)
    image                                    0x20000040   Data          36  main.o(.data)
    .data                                    0x20000064   Section       20  stm32469i_discovery_lcd.o(.data)
    ActiveLayer                              0x2000006c   Data           4  stm32469i_discovery_lcd.o(.data)
    .data                                    0x20000078   Section        2  stm32469i_discovery_sdram.o(.data)
    sdramstatus                              0x20000078   Data           1  stm32469i_discovery_sdram.o(.data)
    sdramstatus                              0x20000079   Data           1  stm32469i_discovery_sdram.o(.data)
    .data                                    0x2000007c   Section       24  stm32469i_discovery_ts.o(.data)
    ts_orientation                           0x2000007d   Data           1  stm32469i_discovery_ts.o(.data)
    ts_driver                                0x20000080   Data           4  stm32469i_discovery_ts.o(.data)
    _x                                       0x20000084   Data           8  stm32469i_discovery_ts.o(.data)
    _y                                       0x2000008c   Data           8  stm32469i_discovery_ts.o(.data)
    .data                                    0x20000094   Section       36  stm32469i_discovery.o(.data)
    .data                                    0x200000b8   Section       12  stm32f4xx_hal.o(.data)
    .data                                    0x200000c4   Section       40  ft6x06.o(.data)
    .data                                    0x200000ec   Section        5  ft6x06.o(.data)
    ft6x06_handle                            0x200000ee   Data           3  ft6x06.o(.data)
    .data                                    0x200000f4   Section        4  system_stm32f4xx.o(.data)
    .bss                                     0x200000f8   Section       76  main.o(.bss)
    hdma2d                                   0x20000104   Data          64  main.o(.bss)
    .bss                                     0x20000144   Section      452  stm32469i_discovery_lcd.o(.bss)
    PeriphClkInitStruct                      0x20000144   Data          60  stm32469i_discovery_lcd.o(.bss)
    hdsivideo_handle                         0x20000180   Data         108  stm32469i_discovery_lcd.o(.bss)
    DrawProp                                 0x200002f0   Data          24  stm32469i_discovery_lcd.o(.bss)
    .bss                                     0x20000308   Section       76  stm32469i_discovery_qspi.o(.bss)
    .bss                                     0x20000354   Section      288  stm32469i_discovery_sdram.o(.bss)
    dma_handle                               0x20000354   Data          96  stm32469i_discovery_sdram.o(.bss)
    dma_handle                               0x200003b4   Data          96  stm32469i_discovery_sdram.o(.bss)
    sdramHandle                              0x20000414   Data          52  stm32469i_discovery_sdram.o(.bss)
    Timing                                   0x20000448   Data          28  stm32469i_discovery_sdram.o(.bss)
    Command                                  0x20000464   Data          16  stm32469i_discovery_sdram.o(.bss)
    .bss                                     0x20000474   Section      168  stm32469i_discovery.o(.bss)
    heval_I2c1                               0x20000474   Data          84  stm32469i_discovery.o(.bss)
    heval_I2c2                               0x200004c8   Data          84  stm32469i_discovery.o(.bss)
    STACK                                    0x20000520   Section     1024  startup_stm32f469xx.o(STACK)
    .ExtQSPIFlashSection                     0x90000000   Section    1536000  main.o(.ExtQSPIFlashSection)
    .ExtQSPIFlashSection                     0x90177000   Section    1536000  main.o(.ExtQSPIFlashSection)
    .ExtQSPIFlashSection                     0x902ee000   Section    1536000  main.o(.ExtQSPIFlashSection)
    .ExtQSPIFlashSection                     0x90465000   Section    1536000  main.o(.ExtQSPIFlashSection)
    .ExtQSPIFlashSection                     0x905dc000   Section    1536000  main.o(.ExtQSPIFlashSection)
    .ExtQSPIFlashSection                     0x90753000   Section    1536000  main.o(.ExtQSPIFlashSection)
    .ExtQSPIFlashSection                     0x908ca000   Section    1536000  main.o(.ExtQSPIFlashSection)
    .ExtQSPIFlashSection                     0x90a41000   Section    1536000  main.o(.ExtQSPIFlashSection)
    .ExtQSPIFlashSection                     0x90bb8000   Section    1536000  main.o(.ExtQSPIFlashSection)

    Global Symbols

    Symbol Name                              Value     Ov Type        Size  Object(Section)

    BuildAttributes$$THM_ISAv4$E$P$D$K$B$S$7EM$VFPi3$EXTD16$VFPS$VFMA$PE$A:L22UL41UL21$X:L11$S22US41US21$IEEE1$IW$USESV6$~STKCKD$USESV7$~SHL$OSPACE$EBA8$MICROLIB$REQ8$PRES8$EABIv2 0x00000000   Number         0  anon$$obj.o ABSOLUTE
    __ARM_use_no_argv                        0x00000000   Number         0  main.o ABSOLUTE
    __cpp_initialize__aeabi_                  - Undefined Weak Reference
    __cxa_finalize                            - Undefined Weak Reference
    __decompress                              - Undefined Weak Reference
    _clock_init                               - Undefined Weak Reference
    _microlib_exit                            - Undefined Weak Reference
    __Vectors_Size                           0x000001b4   Number         0  startup_stm32f469xx.o ABSOLUTE
    __Vectors                                0x08000000   Data           4  startup_stm32f469xx.o(RESET)
    __Vectors_End                            0x080001b4   Data           0  startup_stm32f469xx.o(RESET)
    __main                                   0x080001b5   Thumb Code     0  entry.o(.ARM.Collect$$$$00000000)
    _main_stk                                0x080001b5   Thumb Code     0  entry2.o(.ARM.Collect$$$$00000001)
    _main_scatterload                        0x080001b9   Thumb Code     0  entry5.o(.ARM.Collect$$$$00000004)
    __main_after_scatterload                 0x080001bd   Thumb Code     0  entry5.o(.ARM.Collect$$$$00000004)
    _main_clock                              0x080001bd   Thumb Code     0  entry7b.o(.ARM.Collect$$$$00000008)
    _main_cpp_init                           0x080001bd   Thumb Code     0  entry8b.o(.ARM.Collect$$$$0000000A)
    _main_init                               0x080001bd   Thumb Code     0  entry9a.o(.ARM.Collect$$$$0000000B)
    __rt_final_cpp                           0x080001c5   Thumb Code     0  entry10a.o(.ARM.Collect$$$$0000000D)
    __rt_final_exit                          0x080001c5   Thumb Code     0  entry11a.o(.ARM.Collect$$$$0000000F)
    Reset_Handler                            0x080001c9   Thumb Code     8  startup_stm32f469xx.o(.text)
    ADC_IRQHandler                           0x080001e3   Thumb Code     0  startup_stm32f469xx.o(.text)
    CAN1_RX0_IRQHandler                      0x080001e3   Thumb Code     0  startup_stm32f469xx.o(.text)
    CAN1_RX1_IRQHandler                      0x080001e3   Thumb Code     0  startup_stm32f469xx.o(.text)
    CAN1_SCE_IRQHandler                      0x080001e3   Thumb Code     0  startup_stm32f469xx.o(.text)
    CAN1_TX_IRQHandler                       0x080001e3   Thumb Code     0  startup_stm32f469xx.o(.text)
    CAN2_RX0_IRQHandler                      0x080001e3   Thumb Code     0  startup_stm32f469xx.o(.text)
    CAN2_RX1_IRQHandler                      0x080001e3   Thumb Code     0  startup_stm32f469xx.o(.text)
    CAN2_SCE_IRQHandler                      0x080001e3   Thumb Code     0  startup_stm32f469xx.o(.text)
    CAN2_TX_IRQHandler                       0x080001e3   Thumb Code     0  startup_stm32f469xx.o(.text)
    DCMI_IRQHandler                          0x080001e3   Thumb Code     0  startup_stm32f469xx.o(.text)
    DMA1_Stream0_IRQHandler                  0x080001e3   Thumb Code     0  startup_stm32f469xx.o(.text)
    DMA1_Stream1_IRQHandler                  0x080001e3   Thumb Code     0  startup_stm32f469xx.o(.text)
    DMA1_Stream2_IRQHandler                  0x080001e3   Thumb Code     0  startup_stm32f469xx.o(.text)
    DMA1_Stream3_IRQHandler                  0x080001e3   Thumb Code     0  startup_stm32f469xx.o(.text)
    DMA1_Stream4_IRQHandler                  0x080001e3   Thumb Code     0  startup_stm32f469xx.o(.text)
    DMA1_Stream5_IRQHandler                  0x080001e3   Thumb Code     0  startup_stm32f469xx.o(.text)
    DMA1_Stream6_IRQHandler                  0x080001e3   Thumb Code     0  startup_stm32f469xx.o(.text)
    DMA1_Stream7_IRQHandler                  0x080001e3   Thumb Code     0  startup_stm32f469xx.o(.text)
    DMA2D_IRQHandler                         0x080001e3   Thumb Code     0  startup_stm32f469xx.o(.text)
    DMA2_Stream0_IRQHandler                  0x080001e3   Thumb Code     0  startup_stm32f469xx.o(.text)
    DMA2_Stream1_IRQHandler                  0x080001e3   Thumb Code     0  startup_stm32f469xx.o(.text)
    DMA2_Stream2_IRQHandler                  0x080001e3   Thumb Code     0  startup_stm32f469xx.o(.text)
    DMA2_Stream3_IRQHandler                  0x080001e3   Thumb Code     0  startup_stm32f469xx.o(.text)
    DMA2_Stream4_IRQHandler                  0x080001e3   Thumb Code     0  startup_stm32f469xx.o(.text)
    DMA2_Stream5_IRQHandler                  0x080001e3   Thumb Code     0  startup_stm32f469xx.o(.text)
    DMA2_Stream6_IRQHandler                  0x080001e3   Thumb Code     0  startup_stm32f469xx.o(.text)
    DMA2_Stream7_IRQHandler                  0x080001e3   Thumb Code     0  startup_stm32f469xx.o(.text)
    ETH_IRQHandler                           0x080001e3   Thumb Code     0  startup_stm32f469xx.o(.text)
    ETH_WKUP_IRQHandler                      0x080001e3   Thumb Code     0  startup_stm32f469xx.o(.text)
    EXTI15_10_IRQHandler                     0x080001e3   Thumb Code     0  startup_stm32f469xx.o(.text)
    EXTI1_IRQHandler                         0x080001e3   Thumb Code     0  startup_stm32f469xx.o(.text)
    EXTI2_IRQHandler                         0x080001e3   Thumb Code     0  startup_stm32f469xx.o(.text)
    EXTI3_IRQHandler                         0x080001e3   Thumb Code     0  startup_stm32f469xx.o(.text)
    EXTI4_IRQHandler                         0x080001e3   Thumb Code     0  startup_stm32f469xx.o(.text)
    FLASH_IRQHandler                         0x080001e3   Thumb Code     0  startup_stm32f469xx.o(.text)
    FMC_IRQHandler                           0x080001e3   Thumb Code     0  startup_stm32f469xx.o(.text)
    FPU_IRQHandler                           0x080001e3   Thumb Code     0  startup_stm32f469xx.o(.text)
    HASH_RNG_IRQHandler                      0x080001e3   Thumb Code     0  startup_stm32f469xx.o(.text)
    I2C1_ER_IRQHandler                       0x080001e3   Thumb Code     0  startup_stm32f469xx.o(.text)
    I2C1_EV_IRQHandler                       0x080001e3   Thumb Code     0  startup_stm32f469xx.o(.text)
    I2C2_ER_IRQHandler                       0x080001e3   Thumb Code     0  startup_stm32f469xx.o(.text)
    I2C2_EV_IRQHandler                       0x080001e3   Thumb Code     0  startup_stm32f469xx.o(.text)
    I2C3_ER_IRQHandler                       0x080001e3   Thumb Code     0  startup_stm32f469xx.o(.text)
    I2C3_EV_IRQHandler                       0x080001e3   Thumb Code     0  startup_stm32f469xx.o(.text)
    OTG_FS_IRQHandler                        0x080001e3   Thumb Code     0  startup_stm32f469xx.o(.text)
    OTG_FS_WKUP_IRQHandler                   0x080001e3   Thumb Code     0  startup_stm32f469xx.o(.text)
    OTG_HS_EP1_IN_IRQHandler                 0x080001e3   Thumb Code     0  startup_stm32f469xx.o(.text)
    OTG_HS_EP1_OUT_IRQHandler                0x080001e3   Thumb Code     0  startup_stm32f469xx.o(.text)
    OTG_HS_IRQHandler                        0x080001e3   Thumb Code     0  startup_stm32f469xx.o(.text)
    OTG_HS_WKUP_IRQHandler                   0x080001e3   Thumb Code     0  startup_stm32f469xx.o(.text)
    PVD_IRQHandler                           0x080001e3   Thumb Code     0  startup_stm32f469xx.o(.text)
    QUADSPI_IRQHandler                       0x080001e3   Thumb Code     0  startup_stm32f469xx.o(.text)
    RCC_IRQHandler                           0x080001e3   Thumb Code     0  startup_stm32f469xx.o(.text)
    RTC_Alarm_IRQHandler                     0x080001e3   Thumb Code     0  startup_stm32f469xx.o(.text)
    RTC_WKUP_IRQHandler                      0x080001e3   Thumb Code     0  startup_stm32f469xx.o(.text)
    SAI1_IRQHandler                          0x080001e3   Thumb Code     0  startup_stm32f469xx.o(.text)
    SDIO_IRQHandler                          0x080001e3   Thumb Code     0  startup_stm32f469xx.o(.text)
    SPI1_IRQHandler                          0x080001e3   Thumb Code     0  startup_stm32f469xx.o(.text)
    SPI2_IRQHandler                          0x080001e3   Thumb Code     0  startup_stm32f469xx.o(.text)
    SPI3_IRQHandler                          0x080001e3   Thumb Code     0  startup_stm32f469xx.o(.text)
    SPI4_IRQHandler                          0x080001e3   Thumb Code     0  startup_stm32f469xx.o(.text)
    SPI5_IRQHandler                          0x080001e3   Thumb Code     0  startup_stm32f469xx.o(.text)
    SPI6_IRQHandler                          0x080001e3   Thumb Code     0  startup_stm32f469xx.o(.text)
    TAMP_STAMP_IRQHandler                    0x080001e3   Thumb Code     0  startup_stm32f469xx.o(.text)
    TIM1_BRK_TIM9_IRQHandler                 0x080001e3   Thumb Code     0  startup_stm32f469xx.o(.text)
    TIM1_CC_IRQHandler                       0x080001e3   Thumb Code     0  startup_stm32f469xx.o(.text)
    TIM1_TRG_COM_TIM11_IRQHandler            0x080001e3   Thumb Code     0  startup_stm32f469xx.o(.text)
    TIM1_UP_TIM10_IRQHandler                 0x080001e3   Thumb Code     0  startup_stm32f469xx.o(.text)
    TIM2_IRQHandler                          0x080001e3   Thumb Code     0  startup_stm32f469xx.o(.text)
    TIM3_IRQHandler                          0x080001e3   Thumb Code     0  startup_stm32f469xx.o(.text)
    TIM4_IRQHandler                          0x080001e3   Thumb Code     0  startup_stm32f469xx.o(.text)
    TIM5_IRQHandler                          0x080001e3   Thumb Code     0  startup_stm32f469xx.o(.text)
    TIM6_DAC_IRQHandler                      0x080001e3   Thumb Code     0  startup_stm32f469xx.o(.text)
    TIM7_IRQHandler                          0x080001e3   Thumb Code     0  startup_stm32f469xx.o(.text)
    TIM8_BRK_TIM12_IRQHandler                0x080001e3   Thumb Code     0  startup_stm32f469xx.o(.text)
    TIM8_CC_IRQHandler                       0x080001e3   Thumb Code     0  startup_stm32f469xx.o(.text)
    TIM8_TRG_COM_TIM14_IRQHandler            0x080001e3   Thumb Code     0  startup_stm32f469xx.o(.text)
    TIM8_UP_TIM13_IRQHandler                 0x080001e3   Thumb Code     0  startup_stm32f469xx.o(.text)
    UART4_IRQHandler                         0x080001e3   Thumb Code     0  startup_stm32f469xx.o(.text)
    UART5_IRQHandler                         0x080001e3   Thumb Code     0  startup_stm32f469xx.o(.text)
    UART7_IRQHandler                         0x080001e3   Thumb Code     0  startup_stm32f469xx.o(.text)
    UART8_IRQHandler                         0x080001e3   Thumb Code     0  startup_stm32f469xx.o(.text)
    USART1_IRQHandler                        0x080001e3   Thumb Code     0  startup_stm32f469xx.o(.text)
    USART2_IRQHandler                        0x080001e3   Thumb Code     0  startup_stm32f469xx.o(.text)
    USART3_IRQHandler                        0x080001e3   Thumb Code     0  startup_stm32f469xx.o(.text)
    USART6_IRQHandler                        0x080001e3   Thumb Code     0  startup_stm32f469xx.o(.text)
    WWDG_IRQHandler                          0x080001e3   Thumb Code     0  startup_stm32f469xx.o(.text)
    __aeabi_uldivmod                         0x080001ed   Thumb Code    98  uldiv.o(.text)
    __aeabi_memcpy                           0x0800024f   Thumb Code    36  memcpya.o(.text)
    __aeabi_memcpy4                          0x0800024f   Thumb Code     0  memcpya.o(.text)
    __aeabi_memcpy8                          0x0800024f   Thumb Code     0  memcpya.o(.text)
    __aeabi_llsl                             0x08000273   Thumb Code    30  llshl.o(.text)
    _ll_shift_l                              0x08000273   Thumb Code     0  llshl.o(.text)
    __aeabi_llsr                             0x08000291   Thumb Code    32  llushr.o(.text)
    _ll_ushift_r                             0x08000291   Thumb Code     0  llushr.o(.text)
    __scatterload                            0x080002b1   Thumb Code    28  init.o(.text)
    __scatterload_rt2                        0x080002b1   Thumb Code     0  init.o(.text)
    BSP_LCD_GetXSize                         0x080002d5   Thumb Code     6  stm32469i_discovery_lcd.o(i.BSP_LCD_GetXSize)
    BSP_LCD_GetYSize                         0x080002e1   Thumb Code     6  stm32469i_discovery_lcd.o(i.BSP_LCD_GetYSize)
    BSP_LCD_MspInit                          0x080002ed   Thumb Code   164  stm32469i_discovery_lcd.o(i.BSP_LCD_MspInit)
    BSP_LCD_Reset                            0x08000395   Thumb Code    84  stm32469i_discovery_lcd.o(i.BSP_LCD_Reset)
    BSP_LCD_SelectLayer                      0x080003f1   Thumb Code     6  stm32469i_discovery_lcd.o(i.BSP_LCD_SelectLayer)
    BSP_LED_On                               0x080003fd   Thumb Code    28  stm32469i_discovery.o(i.BSP_LED_On)
    BSP_PB_Init                              0x0800041d   Thumb Code   116  stm32469i_discovery.o(i.BSP_PB_Init)
    BSP_QSPI_EnableMemoryMappedMode          0x080004a1   Thumb Code    68  stm32469i_discovery_qspi.o(i.BSP_QSPI_EnableMemoryMappedMode)
    BSP_QSPI_Init                            0x080004e9   Thumb Code    96  stm32469i_discovery_qspi.o(i.BSP_QSPI_Init)
    BSP_QSPI_MspInit                         0x08000551   Thumb Code   164  stm32f4xx_hal_msp.o(i.BSP_QSPI_MspInit)
    BSP_SDRAM_Init                           0x08000601   Thumb Code   106  stm32469i_discovery_sdram.o(i.BSP_SDRAM_Init)
    BSP_SDRAM_Initialization_sequence        0x08000679   Thumb Code   134  stm32469i_discovery_sdram.o(i.BSP_SDRAM_Initialization_sequence)
    BSP_SDRAM_MspInit                        0x08000705   Thumb Code   352  stm32469i_discovery_sdram.o(i.BSP_SDRAM_MspInit)
    BSP_TS_GetState                          0x0800088d   Thumb Code   220  stm32469i_discovery_ts.o(i.BSP_TS_GetState)
    BSP_TS_INT_MspInit                       0x0800096d   Thumb Code    50  stm32469i_discovery_ts.o(i.BSP_TS_INT_MspInit)
    BSP_TS_ITConfig                          0x080009a9   Thumb Code    66  stm32469i_discovery_ts.o(i.BSP_TS_ITConfig)
    BSP_TS_Init                              0x080009f9   Thumb Code    90  stm32469i_discovery_ts.o(i.BSP_TS_Init)
    BusFault_Handler                         0x08000a5d   Thumb Code     2  stm32f4xx_it.o(i.BusFault_Handler)
    DSI_IO_WriteCmd                          0x08000b85   Thumb Code    44  stm32469i_discovery_lcd.o(i.DSI_IO_WriteCmd)
    DSI_IRQHandler                           0x08000bb5   Thumb Code     6  stm32f4xx_it.o(i.DSI_IRQHandler)
    DebugMon_Handler                         0x08000bc1   Thumb Code     2  stm32f4xx_it.o(i.DebugMon_Handler)
    EXTI0_IRQHandler                         0x08000bc3   Thumb Code     6  stm32f4xx_it.o(i.EXTI0_IRQHandler)
    EXTI9_5_IRQHandler                       0x08000bc9   Thumb Code     6  stm32f4xx_it.o(i.EXTI9_5_IRQHandler)
    FMC_SDRAM_Init                           0x08000bcf   Thumb Code    80  stm32f4xx_ll_fmc.o(i.FMC_SDRAM_Init)
    FMC_SDRAM_ProgramRefreshRate             0x08000c1f   Thumb Code    12  stm32f4xx_ll_fmc.o(i.FMC_SDRAM_ProgramRefreshRate)
    FMC_SDRAM_SendCommand                    0x08000c2b   Thumb Code    72  stm32f4xx_ll_fmc.o(i.FMC_SDRAM_SendCommand)
    FMC_SDRAM_Timing_Init                    0x08000c75   Thumb Code   124  stm32f4xx_ll_fmc.o(i.FMC_SDRAM_Timing_Init)
    HAL_DMA2D_ConfigLayer                    0x08000cf5   Thumb Code   162  stm32f4xx_hal_dma2d.o(i.HAL_DMA2D_ConfigLayer)
    HAL_DMA2D_Init                           0x08000d9d   Thumb Code    90  stm32f4xx_hal_dma2d.o(i.HAL_DMA2D_Init)
    HAL_DMA2D_MspInit                        0x08000df7   Thumb Code     2  stm32f4xx_hal_dma2d.o(i.HAL_DMA2D_MspInit)
    HAL_DMA2D_PollForTransfer                0x08000df9   Thumb Code   268  stm32f4xx_hal_dma2d.o(i.HAL_DMA2D_PollForTransfer)
    HAL_DMA2D_Start                          0x08000f05   Thumb Code    52  stm32f4xx_hal_dma2d.o(i.HAL_DMA2D_Start)
    HAL_DMA_Abort                            0x08000f39   Thumb Code   142  stm32f4xx_hal_dma.o(i.HAL_DMA_Abort)
    HAL_DMA_DeInit                           0x08000fc7   Thumb Code    86  stm32f4xx_hal_dma.o(i.HAL_DMA_DeInit)
    HAL_DMA_Init                             0x0800101d   Thumb Code   206  stm32f4xx_hal_dma.o(i.HAL_DMA_Init)
    HAL_DSI_ConfigAdaptedCommandMode         0x080010f1   Thumb Code   272  stm32f4xx_hal_dsi.o(i.HAL_DSI_ConfigAdaptedCommandMode)
    HAL_DSI_ConfigCommand                    0x08001201   Thumb Code   108  stm32f4xx_hal_dsi.o(i.HAL_DSI_ConfigCommand)
    HAL_DSI_ConfigFlowControl                0x08001271   Thumb Code    40  stm32f4xx_hal_dsi.o(i.HAL_DSI_ConfigFlowControl)
    HAL_DSI_ConfigPhyTimer                   0x08001299   Thumb Code   122  stm32f4xx_hal_dsi.o(i.HAL_DSI_ConfigPhyTimer)
    HAL_DSI_DeInit                           0x08001313   Thumb Code   138  stm32f4xx_hal_dsi.o(i.HAL_DSI_DeInit)
    HAL_DSI_EndOfRefreshCallback             0x0800139d   Thumb Code   246  main.o(i.HAL_DSI_EndOfRefreshCallback)
    HAL_DSI_ErrorCallback                    0x080014a5   Thumb Code     2  stm32f4xx_hal_dsi.o(i.HAL_DSI_ErrorCallback)
    HAL_DSI_IRQHandler                       0x080014a7   Thumb Code   228  stm32f4xx_hal_dsi.o(i.HAL_DSI_IRQHandler)
    HAL_DSI_Init                             0x0800158d   Thumb Code   360  stm32f4xx_hal_dsi.o(i.HAL_DSI_Init)
    HAL_DSI_LongWrite                        0x080016fd   Thumb Code   194  stm32f4xx_hal_dsi.o(i.HAL_DSI_LongWrite)
    HAL_DSI_MspDeInit                        0x080017bf   Thumb Code     2  stm32f4xx_hal_dsi.o(i.HAL_DSI_MspDeInit)
    HAL_DSI_MspInit                          0x080017c1   Thumb Code     2  stm32f4xx_hal_dsi.o(i.HAL_DSI_MspInit)
    HAL_DSI_Refresh                          0x080017c3   Thumb Code    36  stm32f4xx_hal_dsi.o(i.HAL_DSI_Refresh)
    HAL_DSI_ShortWrite                       0x080017e9   Thumb Code    94  stm32f4xx_hal_dsi.o(i.HAL_DSI_ShortWrite)
    HAL_DSI_Start                            0x08001847   Thumb Code    68  stm32f4xx_hal_dsi.o(i.HAL_DSI_Start)
    HAL_DSI_TearingEffectCallback            0x0800188b   Thumb Code     2  stm32f4xx_hal_dsi.o(i.HAL_DSI_TearingEffectCallback)
    HAL_Delay                                0x0800188d   Thumb Code    32  stm32f4xx_hal.o(i.HAL_Delay)
    HAL_GPIO_EXTI_Callback                   0x080018b1   Thumb Code    22  main.o(i.HAL_GPIO_EXTI_Callback)
    HAL_GPIO_EXTI_IRQHandler                 0x080018cd   Thumb Code    18  stm32f4xx_hal_gpio.o(i.HAL_GPIO_EXTI_IRQHandler)
    HAL_GPIO_Init                            0x080018e5   Thumb Code   408  stm32f4xx_hal_gpio.o(i.HAL_GPIO_Init)
    HAL_GPIO_WritePin                        0x08001ab1   Thumb Code    10  stm32f4xx_hal_gpio.o(i.HAL_GPIO_WritePin)
    HAL_GetTick                              0x08001abd   Thumb Code     6  stm32f4xx_hal.o(i.HAL_GetTick)
    HAL_I2C_DeInit                           0x08001ac9   Thumb Code    50  stm32f4xx_hal_i2c.o(i.HAL_I2C_DeInit)
    HAL_I2C_GetState                         0x08001afb   Thumb Code     6  stm32f4xx_hal_i2c.o(i.HAL_I2C_GetState)
    HAL_I2C_Init                             0x08001b01   Thumb Code   254  stm32f4xx_hal_i2c.o(i.HAL_I2C_Init)
    HAL_I2C_Mem_Read                         0x08001c09   Thumb Code   496  stm32f4xx_hal_i2c.o(i.HAL_I2C_Mem_Read)
    HAL_I2C_Mem_Write                        0x08001e05   Thumb Code   306  stm32f4xx_hal_i2c.o(i.HAL_I2C_Mem_Write)
    HAL_I2C_MspDeInit                        0x08001f41   Thumb Code     2  stm32f4xx_hal_i2c.o(i.HAL_I2C_MspDeInit)
    HAL_I2C_MspInit                          0x08001f43   Thumb Code     2  stm32f4xx_hal_i2c.o(i.HAL_I2C_MspInit)
    HAL_IncTick                              0x08001f45   Thumb Code    12  stm32f4xx_hal.o(i.HAL_IncTick)
    HAL_Init                                 0x08001f55   Thumb Code    48  stm32f4xx_hal.o(i.HAL_Init)
    HAL_InitTick                             0x08001f89   Thumb Code    54  stm32f4xx_hal.o(i.HAL_InitTick)
    HAL_LTDC_ConfigLayer                     0x08001fc9   Thumb Code    82  stm32f4xx_hal_ltdc.o(i.HAL_LTDC_ConfigLayer)
    HAL_LTDC_DeInit                          0x0800201b   Thumb Code    24  stm32f4xx_hal_ltdc.o(i.HAL_LTDC_DeInit)
    HAL_LTDC_ErrorCallback                   0x08002033   Thumb Code     2  stm32f4xx_hal_ltdc.o(i.HAL_LTDC_ErrorCallback)
    HAL_LTDC_IRQHandler                      0x08002035   Thumb Code   202  stm32f4xx_hal_ltdc.o(i.HAL_LTDC_IRQHandler)
    HAL_LTDC_Init                            0x08002101   Thumb Code   238  stm32f4xx_hal_ltdc.o(i.HAL_LTDC_Init)
    HAL_LTDC_LineEventCallback               0x080021f5   Thumb Code     2  stm32f4xx_hal_ltdc.o(i.HAL_LTDC_LineEventCallback)
    HAL_LTDC_MspDeInit                       0x080021f7   Thumb Code     2  stm32f4xx_hal_ltdc.o(i.HAL_LTDC_MspDeInit)
    HAL_LTDC_MspInit                         0x080021f9   Thumb Code     2  stm32f4xx_hal_ltdc.o(i.HAL_LTDC_MspInit)
    HAL_LTDC_ReloadEventCallback             0x080021fb   Thumb Code     2  stm32f4xx_hal_ltdc.o(i.HAL_LTDC_ReloadEventCallback)
    HAL_LTDC_SetPitch                        0x080021fd   Thumb Code   136  stm32f4xx_hal_ltdc.o(i.HAL_LTDC_SetPitch)
    HAL_MspInit                              0x0800228d   Thumb Code     2  stm32f4xx_hal.o(i.HAL_MspInit)
    HAL_NVIC_EnableIRQ                       0x0800228f   Thumb Code    22  stm32f4xx_hal_cortex.o(i.HAL_NVIC_EnableIRQ)
    HAL_NVIC_SetPriority                     0x080022a5   Thumb Code    60  stm32f4xx_hal_cortex.o(i.HAL_NVIC_SetPriority)
    HAL_NVIC_SetPriorityGrouping             0x080022e5   Thumb Code    26  stm32f4xx_hal_cortex.o(i.HAL_NVIC_SetPriorityGrouping)
    HAL_PWREx_EnableOverDrive                0x08002309   Thumb Code    98  stm32f4xx_hal_pwr_ex.o(i.HAL_PWREx_EnableOverDrive)
    HAL_QSPI_Abort                           0x08002379   Thumb Code   124  stm32f4xx_hal_qspi.o(i.HAL_QSPI_Abort)
    HAL_QSPI_AutoPolling                     0x080023f5   Thumb Code   172  stm32f4xx_hal_qspi.o(i.HAL_QSPI_AutoPolling)
    HAL_QSPI_Command                         0x080024a1   Thumb Code   134  stm32f4xx_hal_qspi.o(i.HAL_QSPI_Command)
    HAL_QSPI_DeInit                          0x08002527   Thumb Code    58  stm32f4xx_hal_qspi.o(i.HAL_QSPI_DeInit)
    HAL_QSPI_Init                            0x08002561   Thumb Code   174  stm32f4xx_hal_qspi.o(i.HAL_QSPI_Init)
    HAL_QSPI_MemoryMapped                    0x08002619   Thumb Code   140  stm32f4xx_hal_qspi.o(i.HAL_QSPI_MemoryMapped)
    HAL_QSPI_MspDeInit                       0x080026a5   Thumb Code     2  stm32f4xx_hal_qspi.o(i.HAL_QSPI_MspDeInit)
    HAL_QSPI_MspInit                         0x080026a7   Thumb Code     2  stm32f4xx_hal_qspi.o(i.HAL_QSPI_MspInit)
    HAL_QSPI_Receive                         0x080026a9   Thumb Code   194  stm32f4xx_hal_qspi.o(i.HAL_QSPI_Receive)
    HAL_QSPI_Transmit                        0x0800276d   Thumb Code   186  stm32f4xx_hal_qspi.o(i.HAL_QSPI_Transmit)
    HAL_RCCEx_PeriphCLKConfig                0x08002829   Thumb Code   704  stm32f4xx_hal_rcc_ex.o(i.HAL_RCCEx_PeriphCLKConfig)
    HAL_RCC_ClockConfig                      0x08002b11   Thumb Code   286  stm32f4xx_hal_rcc.o(i.HAL_RCC_ClockConfig)
    HAL_RCC_GetPCLK1Freq                     0x08002c41   Thumb Code    20  stm32f4xx_hal_rcc.o(i.HAL_RCC_GetPCLK1Freq)
    HAL_RCC_GetSysClockFreq                  0x08002c61   Thumb Code    88  stm32f4xx_hal_rcc.o(i.HAL_RCC_GetSysClockFreq)
    HAL_RCC_OscConfig                        0x08002cc1   Thumb Code   778  stm32f4xx_hal_rcc_ex.o(i.HAL_RCC_OscConfig)
    HAL_SDRAM_Init                           0x08002fe5   Thumb Code    66  stm32f4xx_hal_sdram.o(i.HAL_SDRAM_Init)
    HAL_SDRAM_MspInit                        0x08003027   Thumb Code     2  stm32f4xx_hal_sdram.o(i.HAL_SDRAM_MspInit)
    HAL_SDRAM_ProgramRefreshRate             0x08003029   Thumb Code    34  stm32f4xx_hal_sdram.o(i.HAL_SDRAM_ProgramRefreshRate)
    HAL_SDRAM_SendCommand                    0x0800304d   Thumb Code    48  stm32f4xx_hal_sdram.o(i.HAL_SDRAM_SendCommand)
    HAL_SYSTICK_Config                       0x0800307d   Thumb Code    40  stm32f4xx_hal_cortex.o(i.HAL_SYSTICK_Config)
    HardFault_Handler                        0x080030a5   Thumb Code     2  stm32f4xx_it.o(i.HardFault_Handler)
    LCD_LayertInit                           0x08003fe5   Thumb Code    88  main.o(i.LCD_LayertInit)
    LTDC_ER_IRQHandler                       0x08004165   Thumb Code     6  stm32f4xx_it.o(i.LTDC_ER_IRQHandler)
    LTDC_IRQHandler                          0x08004171   Thumb Code     6  stm32f4xx_it.o(i.LTDC_IRQHandler)
    LTDC_Init                                0x0800417d   Thumb Code    80  main.o(i.LTDC_Init)
    MemManage_Handler                        0x08004337   Thumb Code     2  stm32f4xx_it.o(i.MemManage_Handler)
    NMI_Handler                              0x08004339   Thumb Code     2  stm32f4xx_it.o(i.NMI_Handler)
    OTM8009A_IO_Delay                        0x0800435b   Thumb Code     4  stm32469i_discovery.o(i.OTM8009A_IO_Delay)
    OTM8009A_Init                            0x08004361   Thumb Code  1044  otm8009a.o(i.OTM8009A_Init)
    PendSV_Handler                           0x08004779   Thumb Code     2  stm32f4xx_it.o(i.PendSV_Handler)
    SVC_Handler                              0x08004aab   Thumb Code     2  stm32f4xx_it.o(i.SVC_Handler)
    SysTick_Handler                          0x08004aad   Thumb Code     4  stm32f4xx_it.o(i.SysTick_Handler)
    SystemInit                               0x08004b41   Thumb Code    66  system_stm32f4xx.o(i.SystemInit)
    TS_IO_Init                               0x08004b95   Thumb Code     4  stm32469i_discovery.o(i.TS_IO_Init)
    TS_IO_Read                               0x08004b99   Thumb Code    50  stm32469i_discovery.o(i.TS_IO_Read)
    TS_IO_ReadMultiple                       0x08004bd1   Thumb Code    14  stm32469i_discovery.o(i.TS_IO_ReadMultiple)
    TS_IO_Write                              0x08004be1   Thumb Code    44  stm32469i_discovery.o(i.TS_IO_Write)
    UsageFault_Handler                       0x08004c11   Thumb Code     2  stm32f4xx_it.o(i.UsageFault_Handler)
    __scatterload_copy                       0x08004c13   Thumb Code    14  handlers.o(i.__scatterload_copy)
    __scatterload_null                       0x08004c21   Thumb Code     2  handlers.o(i.__scatterload_null)
    __scatterload_zeroinit                   0x08004c23   Thumb Code    14  handlers.o(i.__scatterload_zeroinit)
    ft6x06_Init                              0x08004c4d   Thumb Code    36  ft6x06.o(i.ft6x06_Init)
    ft6x06_ReadID                            0x08004c75   Thumb Code    20  ft6x06.o(i.ft6x06_ReadID)
    ft6x06_Reset                             0x08004c89   Thumb Code     2  ft6x06.o(i.ft6x06_Reset)
    ft6x06_TS_ClearIT                        0x08004c8b   Thumb Code     2  ft6x06.o(i.ft6x06_TS_ClearIT)
    ft6x06_TS_DetectTouch                    0x08004c8d   Thumb Code    60  ft6x06.o(i.ft6x06_TS_DetectTouch)
    ft6x06_TS_DisableIT                      0x08004ccd   Thumb Code    10  ft6x06.o(i.ft6x06_TS_DisableIT)
    ft6x06_TS_EnableIT                       0x08004cd7   Thumb Code    10  ft6x06.o(i.ft6x06_TS_EnableIT)
    ft6x06_TS_GetXY                          0x08004ce1   Thumb Code    86  ft6x06.o(i.ft6x06_TS_GetXY)
    ft6x06_TS_ITStatus                       0x08004d3d   Thumb Code     4  ft6x06.o(i.ft6x06_TS_ITStatus)
    ft6x06_TS_Start                          0x08004d41   Thumb Code     4  ft6x06.o(i.ft6x06_TS_Start)
    main                                     0x08004d45   Thumb Code   202  main.o(i.main)
    Font24_Table                             0x08004e20   Data        6840  stm32469i_discovery_lcd.o(.constdata)
    BUTTON_PIN                               0x080068d8   Data           2  stm32469i_discovery.o(.constdata)
    BUTTON_IRQn                              0x080068da   Data           2  stm32469i_discovery.o(.constdata)
    ShortRegData1                            0x080068e4   Data           2  otm8009a.o(.constdata)
    ShortRegData2                            0x080068e6   Data           2  otm8009a.o(.constdata)
    ShortRegData3                            0x080068e8   Data           2  otm8009a.o(.constdata)
    ShortRegData4                            0x080068ea   Data           2  otm8009a.o(.constdata)
    ShortRegData5                            0x080068ec   Data           2  otm8009a.o(.constdata)
    ShortRegData6                            0x080068ee   Data           2  otm8009a.o(.constdata)
    ShortRegData7                            0x080068f0   Data           2  otm8009a.o(.constdata)
    ShortRegData8                            0x080068f2   Data           2  otm8009a.o(.constdata)
    ShortRegData9                            0x080068f4   Data           2  otm8009a.o(.constdata)
    ShortRegData10                           0x080068f6   Data           2  otm8009a.o(.constdata)
    ShortRegData11                           0x080068f8   Data           2  otm8009a.o(.constdata)
    ShortRegData12                           0x080068fa   Data           2  otm8009a.o(.constdata)
    ShortRegData13                           0x080068fc   Data           2  otm8009a.o(.constdata)
    ShortRegData14                           0x080068fe   Data           2  otm8009a.o(.constdata)
    ShortRegData15                           0x08006900   Data           2  otm8009a.o(.constdata)
    ShortRegData16                           0x08006902   Data           2  otm8009a.o(.constdata)
    ShortRegData17                           0x08006904   Data           2  otm8009a.o(.constdata)
    ShortRegData18                           0x08006906   Data           2  otm8009a.o(.constdata)
    ShortRegData19                           0x08006908   Data           2  otm8009a.o(.constdata)
    ShortRegData20                           0x0800690a   Data           2  otm8009a.o(.constdata)
    ShortRegData21                           0x0800690c   Data           2  otm8009a.o(.constdata)
    ShortRegData22                           0x0800690e   Data           2  otm8009a.o(.constdata)
    ShortRegData23                           0x08006910   Data           2  otm8009a.o(.constdata)
    ShortRegData24                           0x08006912   Data           2  otm8009a.o(.constdata)
    ShortRegData25                           0x08006914   Data           2  otm8009a.o(.constdata)
    ShortRegData26                           0x08006916   Data           2  otm8009a.o(.constdata)
    ShortRegData27                           0x08006918   Data           2  otm8009a.o(.constdata)
    ShortRegData28                           0x0800691a   Data           2  otm8009a.o(.constdata)
    ShortRegData29                           0x0800691c   Data           2  otm8009a.o(.constdata)
    ShortRegData30                           0x0800691e   Data           2  otm8009a.o(.constdata)
    ShortRegData31                           0x08006920   Data           2  otm8009a.o(.constdata)
    ShortRegData32                           0x08006922   Data           2  otm8009a.o(.constdata)
    ShortRegData33                           0x08006924   Data           2  otm8009a.o(.constdata)
    ShortRegData34                           0x08006926   Data           2  otm8009a.o(.constdata)
    ShortRegData35                           0x08006928   Data           2  otm8009a.o(.constdata)
    ShortRegData36                           0x0800692a   Data           2  otm8009a.o(.constdata)
    ShortRegData37                           0x0800692c   Data           2  otm8009a.o(.constdata)
    ShortRegData38                           0x0800692e   Data           2  otm8009a.o(.constdata)
    ShortRegData39                           0x08006930   Data           2  otm8009a.o(.constdata)
    ShortRegData40                           0x08006932   Data           2  otm8009a.o(.constdata)
    ShortRegData41                           0x08006934   Data           2  otm8009a.o(.constdata)
    ShortRegData42                           0x08006936   Data           2  otm8009a.o(.constdata)
    ShortRegData43                           0x08006938   Data           2  otm8009a.o(.constdata)
    ShortRegData44                           0x0800693a   Data           2  otm8009a.o(.constdata)
    ShortRegData45                           0x0800693c   Data           2  otm8009a.o(.constdata)
    ShortRegData46                           0x0800693e   Data           2  otm8009a.o(.constdata)
    ShortRegData47                           0x08006940   Data           2  otm8009a.o(.constdata)
    ShortRegData48                           0x08006942   Data           2  otm8009a.o(.constdata)
    ShortRegData49                           0x08006944   Data           2  otm8009a.o(.constdata)
    ShortRegData50                           0x08006946   Data           2  otm8009a.o(.constdata)
    ShortRegData51                           0x08006948   Data           2  otm8009a.o(.constdata)
    lcdRegData2                              0x0800694a   Data           3  otm8009a.o(.constdata)
    lcdRegData5                              0x0800694d   Data           3  otm8009a.o(.constdata)
    lcdRegData6                              0x08006950   Data           3  otm8009a.o(.constdata)
    lcdRegData1                              0x08006953   Data           4  otm8009a.o(.constdata)
    lcdRegData25                             0x08006957   Data           4  otm8009a.o(.constdata)
    lcdRegData27                             0x0800695b   Data           5  otm8009a.o(.constdata)
    lcdRegData28                             0x08006960   Data           5  otm8009a.o(.constdata)
    lcdRegData7                              0x08006965   Data           7  otm8009a.o(.constdata)
    lcdRegData3                              0x0800696c   Data          17  otm8009a.o(.constdata)
    lcdRegData4                              0x0800697d   Data          17  otm8009a.o(.constdata)
    lcdRegData8                              0x0800698e   Data          15  otm8009a.o(.constdata)
    lcdRegData9                              0x0800699d   Data          15  otm8009a.o(.constdata)
    lcdRegData10                             0x080069ac   Data          11  otm8009a.o(.constdata)
    lcdRegData11                             0x080069b7   Data          11  otm8009a.o(.constdata)
    lcdRegData12                             0x080069c2   Data          16  otm8009a.o(.constdata)
    lcdRegData13                             0x080069d2   Data          16  otm8009a.o(.constdata)
    lcdRegData14                             0x080069e2   Data          11  otm8009a.o(.constdata)
    lcdRegData15                             0x080069ed   Data          16  otm8009a.o(.constdata)
    lcdRegData16                             0x080069fd   Data          16  otm8009a.o(.constdata)
    lcdRegData17                             0x08006a0d   Data          11  otm8009a.o(.constdata)
    lcdRegData18                             0x08006a18   Data          11  otm8009a.o(.constdata)
    lcdRegData19                             0x08006a23   Data          11  otm8009a.o(.constdata)
    lcdRegData20                             0x08006a2e   Data          16  otm8009a.o(.constdata)
    lcdRegData21                             0x08006a3e   Data          16  otm8009a.o(.constdata)
    lcdRegData22                             0x08006a4e   Data          11  otm8009a.o(.constdata)
    lcdRegData23                             0x08006a59   Data          16  otm8009a.o(.constdata)
    lcdRegData24                             0x08006a69   Data          16  otm8009a.o(.constdata)
    AHBPrescTable                            0x08006a79   Data          16  system_stm32f4xx.o(.constdata)
    APBPrescTable                            0x08006a89   Data           8  system_stm32f4xx.o(.constdata)
    Region$$Table$$Base                      0x08006a94   Number         0  anon$$obj.o(Region$$Table)
    Region$$Table$$Limit                     0x08006ab4   Number         0  anon$$obj.o(Region$$Table)
    pSyncLeft                                0x20000002   Data           2  main.o(.data)
    valid_buffer                             0x20000004   Data           4  main.o(.data)
    pColLeft                                 0x20000010   Data           4  main.o(.data)
    pColRight                                0x20000014   Data           4  main.o(.data)
    pPage                                    0x20000018   Data           4  main.o(.data)
    image_ID                                 0x2000001c   Data           4  main.o(.data)
    MAX_IMAGE_ID                             0x20000020   Data           4  main.o(.data)
    draw_method                              0x20000024   Data           4  main.o(.data)
    counter                                  0x20000028   Data           4  main.o(.data)
    x1                                       0x2000002c   Data           4  main.o(.data)
    y1                                       0x20000030   Data           4  main.o(.data)
    x2                                       0x20000034   Data           4  main.o(.data)
    y2                                       0x20000038   Data           4  main.o(.data)
    first_touch                              0x2000003c   Data           4  main.o(.data)
    lcd_x_size                               0x20000064   Data           4  stm32469i_discovery_lcd.o(.data)
    lcd_y_size                               0x20000068   Data           4  stm32469i_discovery_lcd.o(.data)
    Font24                                   0x20000070   Data           8  stm32469i_discovery_lcd.o(.data)
    I2C_Address                              0x2000007c   Data           1  stm32469i_discovery_ts.o(.data)
    BUTTON_PORT                              0x20000094   Data           4  stm32469i_discovery.o(.data)
    GPIO_PIN                                 0x20000098   Data          16  stm32469i_discovery.o(.data)
    GPIO_PORT                                0x200000a8   Data          16  stm32469i_discovery.o(.data)
    uwTickFreq                               0x200000b8   Data           1  stm32f4xx_hal.o(.data)
    uwTickPrio                               0x200000bc   Data           4  stm32f4xx_hal.o(.data)
    uwTick                                   0x200000c0   Data           4  stm32f4xx_hal.o(.data)
    ft6x06_ts_drv                            0x200000c4   Data          40  ft6x06.o(.data)
    ft6x06                                   0x200000ec   Data           2  ft6x06.o(.data)
    SystemCoreClock                          0x200000f4   Data           4  system_stm32f4xx.o(.data)
    TS_State                                 0x200000f8   Data          10  main.o(.bss)
    hdma2d_eval                              0x200001ec   Data          64  stm32469i_discovery_lcd.o(.bss)
    hltdc_eval                               0x2000022c   Data         168  stm32469i_discovery_lcd.o(.bss)
    hdsi_eval                                0x200002d4   Data          28  stm32469i_discovery_lcd.o(.bss)
    QSPIHandle                               0x20000308   Data          76  stm32469i_discovery_qspi.o(.bss)
    __initial_sp                             0x20000920   Data           0  startup_stm32f469xx.o(STACK)
    image1                                   0x90000000   Data       1536000  main.o(.ExtQSPIFlashSection)
    image2                                   0x90177000   Data       1536000  main.o(.ExtQSPIFlashSection)
    image3                                   0x902ee000   Data       1536000  main.o(.ExtQSPIFlashSection)
    image4                                   0x90465000   Data       1536000  main.o(.ExtQSPIFlashSection)
    image5                                   0x905dc000   Data       1536000  main.o(.ExtQSPIFlashSection)
    image6                                   0x90753000   Data       1536000  main.o(.ExtQSPIFlashSection)
    image7                                   0x908ca000   Data       1536000  main.o(.ExtQSPIFlashSection)
    image8                                   0x90a41000   Data       1536000  main.o(.ExtQSPIFlashSection)
    image9                                   0x90bb8000   Data       1536000  main.o(.ExtQSPIFlashSection)



==============================================================================

Memory Map of the image

  Image Entry point : 0x080001b5

  Load Region LR_IROM1 (Base: 0x08000000, Size: 0x00006bac, Max: 0x00200000, ABSOLUTE)

    Execution Region ER_IROM1 (Base: 0x08000000, Size: 0x00006ab4, Max: 0x00200000, ABSOLUTE)

    Base Addr    Size         Type   Attr      Idx    E Section Name        Object

    0x08000000   0x000001b4   Data   RO            3    RESET               startup_stm32f469xx.o
    0x080001b4   0x00000000   Code   RO         4438  * .ARM.Collect$$$$00000000  mc_w.l(entry.o)
    0x080001b4   0x00000004   Code   RO         4447    .ARM.Collect$$$$00000001  mc_w.l(entry2.o)
    0x080001b8   0x00000004   Code   RO         4450    .ARM.Collect$$$$00000004  mc_w.l(entry5.o)
    0x080001bc   0x00000000   Code   RO         4452    .ARM.Collect$$$$00000008  mc_w.l(entry7b.o)
    0x080001bc   0x00000000   Code   RO         4454    .ARM.Collect$$$$0000000A  mc_w.l(entry8b.o)
    0x080001bc   0x00000008   Code   RO         4455    .ARM.Collect$$$$0000000B  mc_w.l(entry9a.o)
    0x080001c4   0x00000000   Code   RO         4457    .ARM.Collect$$$$0000000D  mc_w.l(entry10a.o)
    0x080001c4   0x00000000   Code   RO         4459    .ARM.Collect$$$$0000000F  mc_w.l(entry11a.o)
    0x080001c4   0x00000004   Code   RO         4448    .ARM.Collect$$$$00002712  mc_w.l(entry2.o)
    0x080001c8   0x00000024   Code   RO            4    .text               startup_stm32f469xx.o
    0x080001ec   0x00000062   Code   RO         4441    .text               mc_w.l(uldiv.o)
    0x0800024e   0x00000024   Code   RO         4443    .text               mc_w.l(memcpya.o)
    0x08000272   0x0000001e   Code   RO         4461    .text               mc_w.l(llshl.o)
    0x08000290   0x00000020   Code   RO         4463    .text               mc_w.l(llushr.o)
    0x080002b0   0x00000024   Code   RO         4465    .text               mc_w.l(init.o)
    0x080002d4   0x0000000c   Code   RO          428    i.BSP_LCD_GetXSize  stm32469i_discovery_lcd.o
    0x080002e0   0x0000000c   Code   RO          429    i.BSP_LCD_GetYSize  stm32469i_discovery_lcd.o
    0x080002ec   0x000000a8   Code   RO          436    i.BSP_LCD_MspInit   stm32469i_discovery_lcd.o
    0x08000394   0x0000005c   Code   RO          438    i.BSP_LCD_Reset     stm32469i_discovery_lcd.o
    0x080003f0   0x0000000c   Code   RO          440    i.BSP_LCD_SelectLayer  stm32469i_discovery_lcd.o
    0x080003fc   0x00000020   Code   RO         1019    i.BSP_LED_On        stm32469i_discovery.o
    0x0800041c   0x00000084   Code   RO         1023    i.BSP_PB_Init       stm32469i_discovery.o
    0x080004a0   0x00000048   Code   RO          765    i.BSP_QSPI_EnableMemoryMappedMode  stm32469i_discovery_qspi.o
    0x080004e8   0x00000068   Code   RO          770    i.BSP_QSPI_Init     stm32469i_discovery_qspi.o
    0x08000550   0x000000b0   Code   RO           13    i.BSP_QSPI_MspInit  stm32f4xx_hal_msp.o
    0x08000600   0x00000078   Code   RO          873    i.BSP_SDRAM_Init    stm32469i_discovery_sdram.o
    0x08000678   0x0000008c   Code   RO          874    i.BSP_SDRAM_Initialization_sequence  stm32469i_discovery_sdram.o
    0x08000704   0x00000188   Code   RO          876    i.BSP_SDRAM_MspInit  stm32469i_discovery_sdram.o
    0x0800088c   0x000000e0   Code   RO          958    i.BSP_TS_GetState   stm32469i_discovery_ts.o
    0x0800096c   0x0000003c   Code   RO          959    i.BSP_TS_INT_MspInit  stm32469i_discovery_ts.o
    0x080009a8   0x00000050   Code   RO          960    i.BSP_TS_ITConfig   stm32469i_discovery_ts.o
    0x080009f8   0x00000064   Code   RO          961    i.BSP_TS_Init       stm32469i_discovery_ts.o
    0x08000a5c   0x00000002   Code   RO          294    i.BusFault_Handler  stm32f4xx_it.o
    0x08000a5e   0x00000096   Code   RO         1343    i.DMA2D_SetConfig   stm32f4xx_hal_dma2d.o
    0x08000af4   0x00000028   Code   RO         4108    i.DMA_CalcBaseAndBitshift  stm32f4xx_hal_dma.o
    0x08000b1c   0x00000054   Code   RO         4109    i.DMA_CheckFifoParam  stm32f4xx_hal_dma.o
    0x08000b70   0x00000014   Code   RO         2768    i.DSI_ConfigPacketHeader  stm32f4xx_hal_dsi.o
    0x08000b84   0x00000030   Code   RO          451    i.DSI_IO_WriteCmd   stm32469i_discovery_lcd.o
    0x08000bb4   0x0000000c   Code   RO          295    i.DSI_IRQHandler    stm32f4xx_it.o
    0x08000bc0   0x00000002   Code   RO          296    i.DebugMon_Handler  stm32f4xx_it.o
    0x08000bc2   0x00000006   Code   RO          297    i.EXTI0_IRQHandler  stm32f4xx_it.o
    0x08000bc8   0x00000006   Code   RO          298    i.EXTI9_5_IRQHandler  stm32f4xx_it.o
    0x08000bce   0x00000050   Code   RO         2603    i.FMC_SDRAM_Init    stm32f4xx_ll_fmc.o
    0x08000c1e   0x0000000c   Code   RO         2604    i.FMC_SDRAM_ProgramRefreshRate  stm32f4xx_ll_fmc.o
    0x08000c2a   0x00000048   Code   RO         2605    i.FMC_SDRAM_SendCommand  stm32f4xx_ll_fmc.o
    0x08000c72   0x00000002   PAD
    0x08000c74   0x00000080   Code   RO         2607    i.FMC_SDRAM_Timing_Init  stm32f4xx_ll_fmc.o
    0x08000cf4   0x000000a8   Code   RO         1355    i.HAL_DMA2D_ConfigLayer  stm32f4xx_hal_dma2d.o
    0x08000d9c   0x0000005a   Code   RO         1363    i.HAL_DMA2D_Init    stm32f4xx_hal_dma2d.o
    0x08000df6   0x00000002   Code   RO         1366    i.HAL_DMA2D_MspInit  stm32f4xx_hal_dma2d.o
    0x08000df8   0x0000010c   Code   RO         1367    i.HAL_DMA2D_PollForTransfer  stm32f4xx_hal_dma2d.o
    0x08000f04   0x00000034   Code   RO         1370    i.HAL_DMA2D_Start   stm32f4xx_hal_dma2d.o
    0x08000f38   0x0000008e   Code   RO         4111    i.HAL_DMA_Abort     stm32f4xx_hal_dma.o
    0x08000fc6   0x00000056   Code   RO         4113    i.HAL_DMA_DeInit    stm32f4xx_hal_dma.o
    0x0800101c   0x000000d4   Code   RO         4117    i.HAL_DMA_Init      stm32f4xx_hal_dma.o
    0x080010f0   0x00000110   Code   RO         2770    i.HAL_DSI_ConfigAdaptedCommandMode  stm32f4xx_hal_dsi.o
    0x08001200   0x00000070   Code   RO         2771    i.HAL_DSI_ConfigCommand  stm32f4xx_hal_dsi.o
    0x08001270   0x00000028   Code   RO         2773    i.HAL_DSI_ConfigFlowControl  stm32f4xx_hal_dsi.o
    0x08001298   0x0000007a   Code   RO         2775    i.HAL_DSI_ConfigPhyTimer  stm32f4xx_hal_dsi.o
    0x08001312   0x0000008a   Code   RO         2777    i.HAL_DSI_DeInit    stm32f4xx_hal_dsi.o
    0x0800139c   0x00000108   Code   RO          192    i.HAL_DSI_EndOfRefreshCallback  main.o
    0x080014a4   0x00000002   Code   RO         2781    i.HAL_DSI_ErrorCallback  stm32f4xx_hal_dsi.o
    0x080014a6   0x000000e4   Code   RO         2789    i.HAL_DSI_IRQHandler  stm32f4xx_hal_dsi.o
    0x0800158a   0x00000002   PAD
    0x0800158c   0x00000170   Code   RO         2790    i.HAL_DSI_Init      stm32f4xx_hal_dsi.o
    0x080016fc   0x000000c2   Code   RO         2791    i.HAL_DSI_LongWrite  stm32f4xx_hal_dsi.o
    0x080017be   0x00000002   Code   RO         2792    i.HAL_DSI_MspDeInit  stm32f4xx_hal_dsi.o
    0x080017c0   0x00000002   Code   RO         2793    i.HAL_DSI_MspInit   stm32f4xx_hal_dsi.o
    0x080017c2   0x00000024   Code   RO         2797    i.HAL_DSI_Refresh   stm32f4xx_hal_dsi.o
    0x080017e6   0x00000002   PAD
    0x080017e8   0x0000005e   Code   RO         2806    i.HAL_DSI_ShortWrite  stm32f4xx_hal_dsi.o
    0x08001846   0x00000044   Code   RO         2808    i.HAL_DSI_Start     stm32f4xx_hal_dsi.o
    0x0800188a   0x00000002   Code   RO         2810    i.HAL_DSI_TearingEffectCallback  stm32f4xx_hal_dsi.o
    0x0800188c   0x00000024   Code   RO         2002    i.HAL_Delay         stm32f4xx_hal.o
    0x080018b0   0x0000001c   Code   RO          193    i.HAL_GPIO_EXTI_Callback  main.o
    0x080018cc   0x00000018   Code   RO         1931    i.HAL_GPIO_EXTI_IRQHandler  stm32f4xx_hal_gpio.o
    0x080018e4   0x000001cc   Code   RO         1932    i.HAL_GPIO_Init     stm32f4xx_hal_gpio.o
    0x08001ab0   0x0000000a   Code   RO         1936    i.HAL_GPIO_WritePin  stm32f4xx_hal_gpio.o
    0x08001aba   0x00000002   PAD
    0x08001abc   0x0000000c   Code   RO         2010    i.HAL_GetTick       stm32f4xx_hal.o
    0x08001ac8   0x00000032   Code   RO         3201    i.HAL_I2C_DeInit    stm32f4xx_hal_i2c.o
    0x08001afa   0x00000006   Code   RO         3209    i.HAL_I2C_GetState  stm32f4xx_hal_i2c.o
    0x08001b00   0x00000108   Code   RO         3210    i.HAL_I2C_Init      stm32f4xx_hal_i2c.o
    0x08001c08   0x000001fc   Code   RO         3226    i.HAL_I2C_Mem_Read  stm32f4xx_hal_i2c.o
    0x08001e04   0x0000013c   Code   RO         3229    i.HAL_I2C_Mem_Write  stm32f4xx_hal_i2c.o
    0x08001f40   0x00000002   Code   RO         3232    i.HAL_I2C_MspDeInit  stm32f4xx_hal_i2c.o
    0x08001f42   0x00000002   Code   RO         3233    i.HAL_I2C_MspInit   stm32f4xx_hal_i2c.o
    0x08001f44   0x00000010   Code   RO         2014    i.HAL_IncTick       stm32f4xx_hal.o
    0x08001f54   0x00000034   Code   RO         2015    i.HAL_Init          stm32f4xx_hal.o
    0x08001f88   0x00000040   Code   RO         2016    i.HAL_InitTick      stm32f4xx_hal.o
    0x08001fc8   0x00000052   Code   RO         1645    i.HAL_LTDC_ConfigLayer  stm32f4xx_hal_ltdc.o
    0x0800201a   0x00000018   Code   RO         1647    i.HAL_LTDC_DeInit   stm32f4xx_hal_ltdc.o
    0x08002032   0x00000002   Code   RO         1658    i.HAL_LTDC_ErrorCallback  stm32f4xx_hal_ltdc.o
    0x08002034   0x000000ca   Code   RO         1661    i.HAL_LTDC_IRQHandler  stm32f4xx_hal_ltdc.o
    0x080020fe   0x00000002   PAD
    0x08002100   0x000000f4   Code   RO         1662    i.HAL_LTDC_Init     stm32f4xx_hal_ltdc.o
    0x080021f4   0x00000002   Code   RO         1663    i.HAL_LTDC_LineEventCallback  stm32f4xx_hal_ltdc.o
    0x080021f6   0x00000002   Code   RO         1664    i.HAL_LTDC_MspDeInit  stm32f4xx_hal_ltdc.o
    0x080021f8   0x00000002   Code   RO         1665    i.HAL_LTDC_MspInit  stm32f4xx_hal_ltdc.o
    0x080021fa   0x00000002   Code   RO         1668    i.HAL_LTDC_ReloadEventCallback  stm32f4xx_hal_ltdc.o
    0x080021fc   0x00000090   Code   RO         1673    i.HAL_LTDC_SetPitch  stm32f4xx_hal_ltdc.o
    0x0800228c   0x00000002   Code   RO         2018    i.HAL_MspInit       stm32f4xx_hal.o
    0x0800228e   0x00000016   Code   RO         3722    i.HAL_NVIC_EnableIRQ  stm32f4xx_hal_cortex.o
    0x080022a4   0x00000040   Code   RO         3728    i.HAL_NVIC_SetPriority  stm32f4xx_hal_cortex.o
    0x080022e4   0x00000024   Code   RO         3729    i.HAL_NVIC_SetPriorityGrouping  stm32f4xx_hal_cortex.o
    0x08002308   0x00000070   Code   RO         4220    i.HAL_PWREx_EnableOverDrive  stm32f4xx_hal_pwr_ex.o
    0x08002378   0x0000007c   Code   RO         3852    i.HAL_QSPI_Abort    stm32f4xx_hal_qspi.o
    0x080023f4   0x000000ac   Code   RO         3855    i.HAL_QSPI_AutoPolling  stm32f4xx_hal_qspi.o
    0x080024a0   0x00000086   Code   RO         3858    i.HAL_QSPI_Command  stm32f4xx_hal_qspi.o
    0x08002526   0x0000003a   Code   RO         3860    i.HAL_QSPI_DeInit   stm32f4xx_hal_qspi.o
    0x08002560   0x000000b8   Code   RO         3867    i.HAL_QSPI_Init     stm32f4xx_hal_qspi.o
    0x08002618   0x0000008c   Code   RO         3868    i.HAL_QSPI_MemoryMapped  stm32f4xx_hal_qspi.o
    0x080026a4   0x00000002   Code   RO         3869    i.HAL_QSPI_MspDeInit  stm32f4xx_hal_qspi.o
    0x080026a6   0x00000002   Code   RO         3870    i.HAL_QSPI_MspInit  stm32f4xx_hal_qspi.o
    0x080026a8   0x000000c2   Code   RO         3871    i.HAL_QSPI_Receive  stm32f4xx_hal_qspi.o
    0x0800276a   0x00000002   PAD
    0x0800276c   0x000000ba   Code   RO         3880    i.HAL_QSPI_Transmit  stm32f4xx_hal_qspi.o
    0x08002826   0x00000002   PAD
    0x08002828   0x000002e8   Code   RO         2184    i.HAL_RCCEx_PeriphCLKConfig  stm32f4xx_hal_rcc_ex.o
    0x08002b10   0x00000130   Code   RO         1541    i.HAL_RCC_ClockConfig  stm32f4xx_hal_rcc.o
    0x08002c40   0x00000020   Code   RO         1548    i.HAL_RCC_GetPCLK1Freq  stm32f4xx_hal_rcc.o
    0x08002c60   0x00000060   Code   RO         1550    i.HAL_RCC_GetSysClockFreq  stm32f4xx_hal_rcc.o
    0x08002cc0   0x00000324   Code   RO         2188    i.HAL_RCC_OscConfig  stm32f4xx_hal_rcc_ex.o
    0x08002fe4   0x00000042   Code   RO         3049    i.HAL_SDRAM_Init    stm32f4xx_hal_sdram.o
    0x08003026   0x00000002   Code   RO         3051    i.HAL_SDRAM_MspInit  stm32f4xx_hal_sdram.o
    0x08003028   0x00000022   Code   RO         3052    i.HAL_SDRAM_ProgramRefreshRate  stm32f4xx_hal_sdram.o
    0x0800304a   0x00000002   PAD
    0x0800304c   0x00000030   Code   RO         3058    i.HAL_SDRAM_SendCommand  stm32f4xx_hal_sdram.o
    0x0800307c   0x00000028   Code   RO         3733    i.HAL_SYSTICK_Config  stm32f4xx_hal_cortex.o
    0x080030a4   0x00000002   Code   RO          299    i.HardFault_Handler  stm32f4xx_it.o
    0x080030a6   0x00000002   PAD
    0x080030a8   0x00000014   Code   RO         1028    i.I2C1_Error        stm32469i_discovery.o
    0x080030bc   0x00000048   Code   RO         1029    i.I2C1_Init         stm32469i_discovery.o
    0x08003104   0x00000098   Code   RO         1030    i.I2C1_MspInit      stm32469i_discovery.o
    0x0800319c   0x00000030   Code   RO         1031    i.I2C1_ReadMultiple  stm32469i_discovery.o
    0x080031cc   0x00000028   Code   RO         3248    i.I2C_IsAcknowledgeFailed  stm32f4xx_hal_i2c.o
    0x080031f4   0x000000f0   Code   RO         3257    i.I2C_RequestMemoryRead  stm32f4xx_hal_i2c.o
    0x080032e4   0x000000a0   Code   RO         3258    i.I2C_RequestMemoryWrite  stm32f4xx_hal_i2c.o
    0x08003384   0x0000004e   Code   RO         3261    i.I2C_WaitOnBTFFlagUntilTimeout  stm32f4xx_hal_i2c.o
    0x080033d2   0x00000060   Code   RO         3262    i.I2C_WaitOnFlagUntilTimeout  stm32f4xx_hal_i2c.o
    0x08003432   0x00000002   PAD
    0x08003434   0x00000088   Code   RO         3263    i.I2C_WaitOnMasterAddressFlagUntilTimeout  stm32f4xx_hal_i2c.o
    0x080034bc   0x00000062   Code   RO         3264    i.I2C_WaitOnRXNEFlagUntilTimeout  stm32f4xx_hal_i2c.o
    0x0800351e   0x0000004e   Code   RO         3265    i.I2C_WaitOnTXEFlagUntilTimeout  stm32f4xx_hal_i2c.o
    0x0800356c   0x000004b8   Code   RO          194    i.LCD_DSI_HorizontalSlider  main.o
    0x08003a24   0x000004b8   Code   RO          195    i.LCD_DSI_VerticalSlider  main.o
    0x08003edc   0x00000108   Code   RO          196    i.LCD_Init          main.o
    0x08003fe4   0x0000005c   Code   RO          197    i.LCD_LayertInit    main.o
    0x08004040   0x00000064   Code   RO          198    i.LL_CopyPicture    main.o
    0x080040a4   0x000000c0   Code   RO          199    i.LL_DrawPicture    main.o
    0x08004164   0x0000000c   Code   RO          300    i.LTDC_ER_IRQHandler  stm32f4xx_it.o
    0x08004170   0x0000000c   Code   RO          301    i.LTDC_IRQHandler   stm32f4xx_it.o
    0x0800417c   0x00000058   Code   RO          200    i.LTDC_Init         main.o
    0x080041d4   0x00000162   Code   RO         1681    i.LTDC_SetConfig    stm32f4xx_hal_ltdc.o
    0x08004336   0x00000002   Code   RO          302    i.MemManage_Handler  stm32f4xx_it.o
    0x08004338   0x00000002   Code   RO          303    i.NMI_Handler       stm32f4xx_it.o
    0x0800433a   0x00000020   Code   RO         3735    i.NVIC_SetPriority  stm32f4xx_hal_cortex.o
    0x0800435a   0x00000004   Code   RO         1036    i.OTM8009A_IO_Delay  stm32469i_discovery.o
    0x0800435e   0x00000002   PAD
    0x08004360   0x00000418   Code   RO         4296    i.OTM8009A_Init     otm8009a.o
    0x08004778   0x00000002   Code   RO          304    i.PendSV_Handler    stm32f4xx_it.o
    0x0800477a   0x00000048   Code   RO          775    i.QSPI_AutoPollingMemReady  stm32469i_discovery_qspi.o
    0x080047c2   0x0000015e   Code   RO         3885    i.QSPI_Config       stm32f4xx_hal_qspi.o
    0x08004920   0x0000008c   Code   RO          776    i.QSPI_DummyCyclesCfg  stm32469i_discovery_qspi.o
    0x080049ac   0x00000052   Code   RO          777    i.QSPI_ResetMemory  stm32469i_discovery_qspi.o
    0x080049fe   0x00000048   Code   RO         3892    i.QSPI_WaitFlagStateUntilTimeout  stm32f4xx_hal_qspi.o
    0x08004a46   0x00000064   Code   RO          778    i.QSPI_WriteEnable  stm32469i_discovery_qspi.o
    0x08004aaa   0x00000002   Code   RO          305    i.SVC_Handler       stm32f4xx_it.o
    0x08004aac   0x00000004   Code   RO          306    i.SysTick_Handler   stm32f4xx_it.o
    0x08004ab0   0x00000090   Code   RO          201    i.SystemClock_Config  main.o
    0x08004b40   0x00000054   Code   RO         4404    i.SystemInit        system_stm32f4xx.o
    0x08004b94   0x00000004   Code   RO         1038    i.TS_IO_Init        stm32469i_discovery.o
    0x08004b98   0x00000038   Code   RO         1039    i.TS_IO_Read        stm32469i_discovery.o
    0x08004bd0   0x0000000e   Code   RO         1040    i.TS_IO_ReadMultiple  stm32469i_discovery.o
    0x08004bde   0x00000002   PAD
    0x08004be0   0x00000030   Code   RO         1041    i.TS_IO_Write       stm32469i_discovery.o
    0x08004c10   0x00000002   Code   RO          307    i.UsageFault_Handler  stm32f4xx_it.o
    0x08004c12   0x0000000e   Code   RO         4469    i.__scatterload_copy  mc_w.l(handlers.o)
    0x08004c20   0x00000002   Code   RO         4470    i.__scatterload_null  mc_w.l(handlers.o)
    0x08004c22   0x0000000e   Code   RO         4471    i.__scatterload_zeroinit  mc_w.l(handlers.o)
    0x08004c30   0x0000001c   Code   RO         4319    i.ft6x06_GetInstance  ft6x06.o
    0x08004c4c   0x00000028   Code   RO         4320    i.ft6x06_Init       ft6x06.o
    0x08004c74   0x00000014   Code   RO         4321    i.ft6x06_ReadID     ft6x06.o
    0x08004c88   0x00000002   Code   RO         4322    i.ft6x06_Reset      ft6x06.o
    0x08004c8a   0x00000002   Code   RO         4323    i.ft6x06_TS_ClearIT  ft6x06.o
    0x08004c8c   0x00000040   Code   RO         4324    i.ft6x06_TS_DetectTouch  ft6x06.o
    0x08004ccc   0x0000000a   Code   RO         4325    i.ft6x06_TS_DisableIT  ft6x06.o
    0x08004cd6   0x0000000a   Code   RO         4326    i.ft6x06_TS_EnableIT  ft6x06.o
    0x08004ce0   0x0000005c   Code   RO         4327    i.ft6x06_TS_GetXY   ft6x06.o
    0x08004d3c   0x00000004   Code   RO         4328    i.ft6x06_TS_ITStatus  ft6x06.o
    0x08004d40   0x00000004   Code   RO         4329    i.ft6x06_TS_Start   ft6x06.o
    0x08004d44   0x000000dc   Code   RO          202    i.main              main.o
    0x08004e20   0x00001ab8   Data   RO          457    .constdata          stm32469i_discovery_lcd.o
    0x080068d8   0x00000004   Data   RO         1044    .constdata          stm32469i_discovery.o
    0x080068dc   0x00000008   Data   RO         4123    .constdata          stm32f4xx_hal_dma.o
    0x080068e4   0x00000195   Data   RO         4297    .constdata          otm8009a.o
    0x08006a79   0x00000010   Data   RO         4405    .constdata          system_stm32f4xx.o
    0x08006a89   0x00000008   Data   RO         4406    .constdata          system_stm32f4xx.o
    0x08006a91   0x00000003   PAD
    0x08006a94   0x00000020   Data   RO         4467    Region$$Table       anon$$obj.o


    Execution Region RW_IRAM1 (Base: 0x20000000, Size: 0x00000920, Max: 0x00050000, ABSOLUTE)

    Base Addr    Size         Type   Attr      Idx    E Section Name        Object

    0x20000000   0x00000064   Data   RW          213    .data               main.o
    0x20000064   0x00000014   Data   RW          462    .data               stm32469i_discovery_lcd.o
    0x20000078   0x00000002   Data   RW          883    .data               stm32469i_discovery_sdram.o
    0x2000007a   0x00000002   PAD
    0x2000007c   0x00000018   Data   RW          964    .data               stm32469i_discovery_ts.o
    0x20000094   0x00000024   Data   RW         1045    .data               stm32469i_discovery.o
    0x200000b8   0x0000000c   Data   RW         2022    .data               stm32f4xx_hal.o
    0x200000c4   0x00000028   Data   RW         4330    .data               ft6x06.o
    0x200000ec   0x00000005   Data   RW         4331    .data               ft6x06.o
    0x200000f1   0x00000003   PAD
    0x200000f4   0x00000004   Data   RW         4407    .data               system_stm32f4xx.o
    0x200000f8   0x0000004c   Zero   RW          212    .bss                main.o
    0x20000144   0x000001c4   Zero   RW          456    .bss                stm32469i_discovery_lcd.o
    0x20000308   0x0000004c   Zero   RW          779    .bss                stm32469i_discovery_qspi.o
    0x20000354   0x00000120   Zero   RW          882    .bss                stm32469i_discovery_sdram.o
    0x20000474   0x000000a8   Zero   RW         1043    .bss                stm32469i_discovery.o
    0x2000051c   0x00000004   PAD
    0x20000520   0x00000400   Zero   RW            1    STACK               startup_stm32f469xx.o



  Load Region LR_QSPI (Base: 0x90000000, Size: 0x00d2f000, Max: 0x7fffffff, ABSOLUTE)

    Execution Region ER_QSPI (Base: 0x90000000, Size: 0x00d2f000, Max: 0x7fffffff, ABSOLUTE)

    Base Addr    Size         Type   Attr      Idx    E Section Name        Object

    0x90000000   0x00177000   Data   RO          203    .ExtQSPIFlashSection  main.o
    0x90177000   0x00177000   Data   RO          204    .ExtQSPIFlashSection  main.o
    0x902ee000   0x00177000   Data   RO          205    .ExtQSPIFlashSection  main.o
    0x90465000   0x00177000   Data   RO          206    .ExtQSPIFlashSection  main.o
    0x905dc000   0x00177000   Data   RO          207    .ExtQSPIFlashSection  main.o
    0x90753000   0x00177000   Data   RO          208    .ExtQSPIFlashSection  main.o
    0x908ca000   0x00177000   Data   RO          209    .ExtQSPIFlashSection  main.o
    0x90a41000   0x00177000   Data   RO          210    .ExtQSPIFlashSection  main.o
    0x90bb8000   0x00177000   Data   RO          211    .ExtQSPIFlashSection  main.o


==============================================================================

Image component sizes


      Code (inc. data)   RO Data    RW Data    ZI Data      Debug   Object Name

       276         18          0         45          0      10980   ft6x06.o
      3808        126   13824000        100         76      12237   main.o
      1048         12        405          0          0       5880   otm8009a.o
        36          8        436          0       1024        832   startup_stm32f469xx.o
       582         64          4         36        168       9356   stm32469i_discovery.o
       344         34       6840         20        452      11805   stm32469i_discovery_lcd.o
       570         12          0          0         76       5035   stm32469i_discovery_qspi.o
       652         60          0          2        288       4326   stm32469i_discovery_sdram.o
       464         38          0         24          0       5414   stm32469i_discovery_ts.o
       182         28          0         12          0       5039   stm32f4xx_hal.o
       194         14          0          0          0      30359   stm32f4xx_hal_cortex.o
       564         12          8          0          0       4488   stm32f4xx_hal_dma.o
       730          6          0          0          0       6127   stm32f4xx_hal_dma2d.o
      1700         12          0          0          0      13390   stm32f4xx_hal_dsi.o
       494         58          0          0          0       3051   stm32f4xx_hal_gpio.o
      2074         36          0          0          0      15192   stm32f4xx_hal_i2c.o
      1060         14          0          0          0       8052   stm32f4xx_hal_ltdc.o
       176         12          0          0          0     902966   stm32f4xx_hal_msp.o
       112         14          0          0          0       1276   stm32f4xx_hal_pwr_ex.o
      1618         10          0          0          0      11562   stm32f4xx_hal_qspi.o
       432         38          0          0          0       3077   stm32f4xx_hal_rcc.o
      1548         66          0          0          0       3216   stm32f4xx_hal_rcc_ex.o
       150          0          0          0          0       3240   stm32f4xx_hal_sdram.o
        68         18          0          0          0       6306   stm32f4xx_it.o
       292          4          0          0          0       3464   stm32f4xx_ll_fmc.o
        84         18         24          4          0       1143   system_stm32f4xx.o

    ----------------------------------------------------------------------
     19282        732   13831752        248       2088    1087813   Object Totals
         0          0         32          0          0          0   (incl. Generated)
        24          0          3          5          4          0   (incl. Padding)

    ----------------------------------------------------------------------

      Code (inc. data)   RO Data    RW Data    ZI Data      Debug   Library Member Name

         0          0          0          0          0          0   entry.o
         0          0          0          0          0          0   entry10a.o
         0          0          0          0          0          0   entry11a.o
         8          4          0          0          0          0   entry2.o
         4          0          0          0          0          0   entry5.o
         0          0          0          0          0          0   entry7b.o
         0          0          0          0          0          0   entry8b.o
         8          4          0          0          0          0   entry9a.o
        30          0          0          0          0          0   handlers.o
        36          8          0          0          0         68   init.o
        30          0          0          0          0         68   llshl.o
        32          0          0          0          0         68   llushr.o
        36          0          0          0          0         68   memcpya.o
        98          0          0          0          0         92   uldiv.o

    ----------------------------------------------------------------------
       282         16          0          0          0        364   Library Totals
         0          0          0          0          0          0   (incl. Padding)

    ----------------------------------------------------------------------

      Code (inc. data)   RO Data    RW Data    ZI Data      Debug   Library Name

       282         16          0          0          0        364   mc_w.l

    ----------------------------------------------------------------------
       282         16          0          0          0        364   Library Totals

    ----------------------------------------------------------------------

==============================================================================


      Code (inc. data)   RO Data    RW Data    ZI Data      Debug   

     19564        748   13831752        248       2088    1072777   Grand Totals
     19564        748   13831752        248       2088    1072777   ELF Image Totals
     19564        748   13831752        248          0          0   ROM Totals

==============================================================================

    Total RO  Size (Code + RO Data)             13851316 (13526.68kB)
    Total RW  Size (RW Data + ZI Data)              2336 (   2.28kB)
    Total ROM Size (Code + RO Data + RW Data)   13851564 (13526.92kB)

==============================================================================

