<html>
<body>
<pre>
<h1>µVision Build Log</h1>
<h2>Tool Versions:</h2>
IDE-Version: ¦ÌVision V5.22.0.0
Copyright (C) 2016 ARM Ltd and ARM Germany GmbH. All rights reserved.
License Information: future HP Inc., HP Inc., LIC=32BKP-MSLGM-AP6ZT-RYCLE-D6AJX-27QU4
 
Tool Versions:
Toolchain:       MDK-ARM Plus  Version: 5.22
Toolchain Path:  C:\Keil_v5\ARM\ARMCC\Bin
C Compiler:      Armcc.exe V5.06 update 4 (build 422)
Assembler:       Armasm.exe V5.06 update 4 (build 422)
Linker/Locator:  ArmLink.exe V5.06 update 4 (build 422)
Library Manager: ArmAr.exe V5.06 update 4 (build 422)
Hex Converter:   FromElf.exe V5.06 update 4 (build 422)
CPU DLL:         SARMCM3.DLL V5.22
Dialog DLL:      DCM.DLL V1.13.9.0
Target DLL:      STLink\ST-LINKIII-KEIL_SWO.dll V2.0.18.0
Dialog DLL:      TCM.DLL V1.21.0.0
 
<h2>Project:</h2>
D:\lvgl_gui\Littlevgl_stm32f469\MDK-ARM\Project.uvprojx
Project File Date:  11/26/2018

<h2>Output:</h2>
*** Using Compiler 'V5.06 update 4 (build 422)', folder: 'C:\Keil_v5\ARM\ARMCC\Bin'
Build target 'stm32f469_display'
compiling main.c...
..\GUI\lvgl/lv_core/../lv_misc/lv_fonts/dejavu_10.h(15): warning:  #1-D: last line of file ends without a newline
  #endif   /*DEJAVU_10_H*/
..\GUI\lvgl/lv_core/../lv_misc/lv_fonts/dejavu_10_sup.h(15): warning:  #1-D: last line of file ends without a newline
  #endif   /*DEJAVU_10_SUP_H*/
..\GUI\lvgl/lv_core/../lv_misc/lv_fonts/dejavu_10_latin_ext_a.h(15): warning:  #1-D: last line of file ends without a newline
  #endif   /*DEJAVU_10_LATIN_EXT_A_H*/
..\GUI\lvgl/lv_core/../lv_misc/lv_fonts/dejavu_10_latin_ext_b.h(15): warning:  #1-D: last line of file ends without a newline
  #endif   /*DEJAVU_10_LATIN_EXT_B_H*/
..\GUI\lvgl/lv_core/../lv_misc/lv_fonts/dejavu_10_cyrillic.h(15): warning:  #1-D: last line of file ends without a newline
  #endif   /*DEJAVU_10_CYRILLIC_H*/
..\GUI\lvgl/lv_core/../lv_misc/lv_fonts/symbol_10_basic.h(15): warning:  #1-D: last line of file ends without a newline
  #endif   /*SYMBOL_10_BASIC_H*/
..\GUI\lvgl/lv_core/../lv_misc/lv_fonts/symbol_10_file.h(15): warning:  #1-D: last line of file ends without a newline
  #endif   /*SYMBOL_10_FILE_H*/
..\GUI\lvgl/lv_core/../lv_misc/lv_fonts/symbol_10_feedback.h(15): warning:  #1-D: last line of file ends without a newline
  #endif   /*SYMBOL_10_FEEDBACK_H*/
..\GUI\lvgl/lv_core/../lv_misc/lv_fonts/dejavu_20.h(15): warning:  #1-D: last line of file ends without a newline
  #endif   /*DEJAVU_20_H*/
..\GUI\lvgl/lv_core/../lv_misc/lv_fonts/dejavu_20_sup.h(15): warning:  #1-D: last line of file ends without a newline
  #endif   /*DEJAVU_20_SUP_H*/
..\GUI\lvgl/lv_core/../lv_misc/lv_fonts/dejavu_20_latin_ext_a.h(15): warning:  #1-D: last line of file ends without a newline
  #endif   /*DEJAVU_20_LATIN_EXT_A_H*/
..\GUI\lvgl/lv_core/../lv_misc/lv_fonts/dejavu_20_latin_ext_b.h(15): warning:  #1-D: last line of file ends without a newline
  #endif   /*DEJAVU_20_LATIN_EXT_B_H*/
..\GUI\lvgl/lv_core/../lv_misc/lv_fonts/dejavu_20_cyrillic.h(15): warning:  #1-D: last line of file ends without a newline
  #endif   /*DEJAVU_20_CYRILLIC_H*/
..\GUI\lvgl/lv_core/../lv_misc/lv_fonts/symbol_20_basic.h(15): warning:  #1-D: last line of file ends without a newline
  #endif   /*SYMBOL_20_BASIC_H*/
..\GUI\lvgl/lv_core/../lv_misc/lv_fonts/symbol_20_file.h(15): warning:  #1-D: last line of file ends without a newline
  #endif   /*SYMBOL_20_FILE_H*/
..\GUI\lvgl/lv_core/../lv_misc/lv_fonts/symbol_20_feedback.h(15): warning:  #1-D: last line of file ends without a newline
  #endif   /*SYMBOL_20_FEEDBACK_H*/
..\GUI\lvgl/lv_core/../lv_misc/lv_fonts/dejavu_30.h(15): warning:  #1-D: last line of file ends without a newline
  #endif   /*DEJAVU_30_H*/
..\GUI\lvgl/lv_core/../lv_misc/lv_fonts/dejavu_30_sup.h(15): warning:  #1-D: last line of file ends without a newline
  #endif   /*DEJAVU_30_SUP_H*/
..\GUI\lvgl/lv_core/../lv_misc/lv_fonts/dejavu_30_latin_ext_a.h(15): warning:  #1-D: last line of file ends without a newline
  #endif   /*DEJAVU_30_LATIN_EXT_A_H*/
..\GUI\lvgl/lv_core/../lv_misc/lv_fonts/dejavu_30_latin_ext_b.h(15): warning:  #1-D: last line of file ends without a newline
  #endif   /*DEJAVU_30_LATIN_EXT_B_H*/
..\GUI\lvgl/lv_core/../lv_misc/lv_fonts/dejavu_30_cyrillic.h(15): warning:  #1-D: last line of file ends without a newline
  #endif   /*DEJAVU_30_CYRILLIC_H*/
..\GUI\lvgl/lv_core/../lv_misc/lv_fonts/symbol_30_basic.h(15): warning:  #1-D: last line of file ends without a newline
  #endif   /*SYMBOL_30_BASIC_H*/
..\GUI\lvgl/lv_core/../lv_misc/lv_fonts/symbol_30_file.h(15): warning:  #1-D: last line of file ends without a newline
  #endif   /*SYMBOL_30_FILE_H*/
..\GUI\lvgl/lv_core/../lv_misc/lv_fonts/symbol_30_feedback.h(15): warning:  #1-D: last line of file ends without a newline
  #endif   /*SYMBOL_30_FEEDBACK_H*/
..\GUI\lvgl/lv_core/../lv_misc/lv_fonts/dejavu_40.h(15): warning:  #1-D: last line of file ends without a newline
  #endif   /*DEJAVU_40_H*/
..\GUI\lvgl/lv_core/../lv_misc/lv_fonts/dejavu_40_sup.h(15): warning:  #1-D: last line of file ends without a newline
  #endif   /*DEJAVU_40_SUP_H*/
..\GUI\lvgl/lv_core/../lv_misc/lv_fonts/dejavu_40_latin_ext_a.h(15): warning:  #1-D: last line of file ends without a newline
  #endif   /*DEJAVU_40_LATIN_EXT_A_H*/
..\GUI\lvgl/lv_core/../lv_misc/lv_fonts/dejavu_40_latin_ext_b.h(15): warning:  #1-D: last line of file ends without a newline
  #endif   /*DEJAVU_40_LATIN_EXT_B_H*/
..\GUI\lvgl/lv_core/../lv_misc/lv_fonts/dejavu_40_cyrillic.h(15): warning:  #1-D: last line of file ends without a newline
  #endif   /*DEJAVU_40_CYRILLIC_H*/
..\GUI\lvgl/lv_core/../lv_misc/lv_fonts/symbol_40_basic.h(15): warning:  #1-D: last line of file ends without a newline
  #endif   /*SYMBOL_40_BASIC_H*/
..\GUI\lvgl/lv_core/../lv_misc/lv_fonts/symbol_40_file.h(15): warning:  #1-D: last line of file ends without a newline
  #endif   /*SYMBOL_40_FILE_H*/
..\GUI\lvgl/lv_core/../lv_misc/lv_fonts/symbol_40_feedback.h(15): warning:  #1-D: last line of file ends without a newline
  #endif   /*SYMBOL_40_FEEDBACK_H*/
..\GUI\lvgl/lv_core/../lv_misc/lv_fonts/dejavu_60.h(15): warning:  #1-D: last line of file ends without a newline
  #endif   /*DEJAVU_60_H*/
..\GUI\lvgl/lv_core/../lv_misc/lv_fonts/dejavu_60_sup.h(15): warning:  #1-D: last line of file ends without a newline
  #endif   /*DEJAVU_60_SUP_H*/
..\GUI\lvgl/lv_core/../lv_misc/lv_fonts/dejavu_60_latin_ext_a.h(15): warning:  #1-D: last line of file ends without a newline
  #endif   /*DEJAVU_60_LATIN_EXT_A_H*/
..\GUI\lvgl/lv_core/../lv_misc/lv_fonts/dejavu_60_latin_ext_b.h(15): warning:  #1-D: last line of file ends without a newline
  #endif   /*DEJAVU_60_LATIN_EXT_B_H*/
..\GUI\lvgl/lv_core/../lv_misc/lv_fonts/dejavu_60_cyrillic.h(15): warning:  #1-D: last line of file ends without a newline
  #endif   /*DEJAVU_60_CYRILLIC_H*/
..\GUI\lvgl/lv_core/../lv_misc/lv_fonts/symbol_60_basic.h(15): warning:  #1-D: last line of file ends without a newline
  #endif   /*SYMBOL_60_BASIC_H*/
..\GUI\lvgl/lv_core/../lv_misc/lv_fonts/symbol_60_file.h(15): warning:  #1-D: last line of file ends without a newline
  #endif   /*SYMBOL_60_FILE_H*/
..\GUI\lvgl/lv_core/../lv_misc/lv_fonts/symbol_60_feedback.h(15): warning:  #1-D: last line of file ends without a newline
  #endif   /*SYMBOL_60_FEEDBACK_H*/
..\GUI\lvgl/lv_core/../lv_misc/lv_fonts/dejavu_80.h(15): warning:  #1-D: last line of file ends without a newline
  #endif   /*DEJAVU_80_H*/
..\GUI\lvgl/lv_core/../lv_misc/lv_fonts/dejavu_80_sup.h(15): warning:  #1-D: last line of file ends without a newline
  #endif   /*DEJAVU_80_SUP_H*/
..\GUI\lvgl/lv_core/../lv_misc/lv_fonts/dejavu_80_latin_ext_a.h(15): warning:  #1-D: last line of file ends without a newline
  #endif   /*DEJAVU_80_LATIN_EXT_A_H*/
..\GUI\lvgl/lv_core/../lv_misc/lv_fonts/dejavu_80_latin_ext_b.h(15): warning:  #1-D: last line of file ends without a newline
  #endif   /*DEJAVU_80_LATIN_EXT_B_H*/
..\GUI\lvgl/lv_core/../lv_misc/lv_fonts/dejavu_80_cyrillic.h(15): warning:  #1-D: last line of file ends without a newline
  #endif   /*DEJAVU_80_CYRILLIC_H*/
..\GUI\lvgl/lv_core/../lv_misc/lv_fonts/symbol_80_basic.h(15): warning:  #1-D: last line of file ends without a newline
  #endif   /*SYMBOL_80_BASIC_H*/
..\GUI\lvgl/lv_core/../lv_misc/lv_fonts/symbol_80_file.h(15): warning:  #1-D: last line of file ends without a newline
  #endif   /*SYMBOL_80_FILE_H*/
..\GUI\lvgl/lv_core/../lv_misc/lv_fonts/symbol_80_feedback.h(15): warning:  #1-D: last line of file ends without a newline
  #endif   /*SYMBOL_80_FEEDBACK_H*/
..\Src\main.c(176): warning:  #223-D: function "touchpad_init" declared implicitly
  	touchpad_init();
..\Src\main.c(68): warning:  #177-D: function "OnError_Handler"  was declared but never referenced
  static void OnError_Handler(uint32_t condition)
..\Src\main.c: 50 warnings, 0 errors
linking...
Program Size: Code=67684 RO-data=30708 RW-data=1136 ZI-data=221168  
FromELF: creating hex file...
".\stm32f469_dispaly.axf" - 0 Error(s), 50 Warning(s).

<h2>Software Packages used:</h2>

Package Vendor: ARM
                http://www.keil.com/pack/ARM.CMSIS.5.0.1.pack
                ARM::CMSIS:CORE:5.0.1
                CMSIS (Cortex Microcontroller Software Interface Standard)
   * Component: CORE Version: 5.0.1

<h2>Collection of Component include folders:</h2>
  D:\lvgl_gui\Littlevgl_stm32f469\MDK-ARM\RTE\_stm32f469_display
  C:\Keil_v5\ARM\PACK\ARM\CMSIS\5.0.1\CMSIS\Include
  C:\Keil_v5\ARM\PACK\Keil\STM32F4xx_DFP\2.11.0\Drivers\CMSIS\Device\ST\STM32F4xx\Include

<h2>Collection of Component Files used:</h2>

   * Component: ARM::CMSIS:CORE:5.0.1
Build Time Elapsed:  00:00:05
</pre>
</body>
</html>
